{"results":[{"title":"Ledger 32214562","rate":275.4},{"title":"Ledger 32214563","rate":275.4},{"title":"Ledger 32214564","rate":275.4},{"title":"Ledger 32214565","rate":275.4},{"title":"Ledger 32214566","rate":275.4},{"title":"Ledger 32214567","rate":275.4},{"title":"Ledger 32214568","rate":275.4},{"title":"Ledger 32214569","rate":275.4},{"title":"Ledger 32214570","rate":275.4},{"title":"Ledger 32214571","rate":275.4},{"title":"Ledger 32214572","rate":275.4},{"title":"Ledger 32214573","rate":275.4},{"title":"Ledger 32214574","rate":275.4},{"title":"Ledger 32214575","rate":275.4},{"title":"Ledger 32214576","rate":275.4},{"title":"Ledger 32214577","rate":275.4},{"title":"Ledger 32214578","rate":275.4},{"title":"Ledger 32214579","rate":275.4},{"title":"Ledger 32214580","rate":275.4},{"title":"Ledger 32214581","rate":275.4},{"title":"Ledger 32214582","rate":275.4},{"title":"Ledger 32214583","rate":275.4},{"title":"Ledger 32214584","rate":275.4},{"title":"Ledger 32214585","rate":275.4},{"title":"Ledger 32214586","rate":275.4},{"title":"Ledger 32214587","rate":275.4},{"title":"Ledger 32214588","rate":275.4},{"title":"Ledger 32214589","rate":275.4},{"title":"Ledger 32214590","rate":275.4},{"title":"Ledger 32214591","rate":275.4},{"title":"Ledger 32214592","rate":275.4},{"title":"Ledger 32214593","rate":275.4},{"title":"Ledger 32214594","rate":275.4},{"title":"Ledger 32214595","rate":275.4},{"title":"Ledger 32214596","rate":275.4},{"title":"Ledger 32214597","rate":275.4},{"title":"Ledger 32214598","rate":275.4},{"title":"Ledger 32214599","rate":275.4},{"title":"Ledger 32214600","rate":275.4},{"title":"Ledger 32214601","rate":275.4},{"title":"Ledger 32214602","rate":275.4},{"title":"Ledger 32214603","rate":275.4},{"title":"Ledger 32214604","rate":275.4},{"title":"Ledger 32214605","rate":275.4},{"title":"Ledger 32214606","rate":275.4},{"title":"Ledger 32214607","rate":275.4},{"title":"Ledger 32214608","rate":275.4},{"title":"Ledger 32214609","rate":275.4},{"title":"Ledger 32214610","rate":275.4},{"title":"Ledger 32214611","rate":275.4},{"title":"Ledger 32214612","rate":275.4},{"title":"Ledger 32214613","rate":275.4},{"title":"Ledger 32214614","rate":275.4},{"title":"Ledger 32214615","rate":275.4},{"title":"Ledger 32214616","rate":275.4},{"title":"Ledger 32214617","rate":275.4},{"title":"Ledger 32214618","rate":275.4},{"title":"Ledger 32214619","rate":275.4},{"title":"Ledger 32214620","rate":275.4},{"title":"Ledger 32214621","rate":275.4},{"title":"Ledger 32214622","rate":275.4},{"title":"Ledger 32214623","rate":275.4},{"title":"Ledger 32214624","rate":275.4},{"title":"Ledger 32214625","rate":275.4},{"title":"Ledger 32214626","rate":275.4},{"title":"Ledger 32214627","rate":275.4},{"title":"Ledger 32214628","rate":275.4},{"title":"Ledger 32214629","rate":275.4},{"title":"Ledger 32214630","rate":275.4},{"title":"Ledger 32214631","rate":275.4},{"title":"Ledger 32214632","rate":275.4},{"title":"Ledger 32214633","rate":275.4},{"title":"Ledger 32214634","rate":275.4},{"title":"Ledger 32214635","rate":275.4},{"title":"Ledger 32214636","rate":275.4},{"title":"Ledger 32214637","rate":275.4},{"title":"Ledger 32214638","rate":275.4},{"title":"Ledger 32214639","rate":275.4},{"title":"Ledger 32214640","rate":275.4},{"title":"Ledger 32214641","rate":275.4},{"title":"Ledger 32214642","rate":275.4},{"title":"Ledger 32214643","rate":275.4},{"title":"Ledger 32214644","rate":275.4},{"title":"Ledger 32214645","rate":275.4},{"title":"Ledger 32214646","rate":275.4},{"title":"Ledger 32214647","rate":275.4},{"title":"Ledger 32214648","rate":275.4},{"title":"Ledger 32214649","rate":275.4},{"title":"Ledger 32214650","rate":275.4},{"title":"Ledger 32214651","rate":275.4},{"title":"Ledger 32214652","rate":275.4},{"title":"Ledger 32214653","rate":275.4},{"title":"Ledger 32214654","rate":275.4},{"title":"Ledger 32214655","rate":275.4},{"title":"Ledger 32214656","rate":275.4},{"title":"Ledger 32214657","rate":275.4},{"title":"Ledger 32214658","rate":275.4},{"title":"Ledger 32214659","rate":275.4},{"title":"Ledger 32214660","rate":275.4},{"title":"Ledger 32214661","rate":275.4}]}