{"results":[{"title":"2020/10/12","rate":0.0036310820624546117},{"title":"2020/10/13","rate":0.0036310820624546117},{"title":"2020/10/14","rate":0.0036310820624546117},{"title":"2020/10/15","rate":0.0036310820624546117},{"title":"2020/10/16","rate":0.0036310820624546117},{"title":"2020/10/17","rate":0.0036310820624546117},{"title":"2020/10/18","rate":0.0036310820624546117},{"title":"2020/10/19","rate":0.0036310820624546117},{"title":"2020/10/20","rate":0.0036310820624546117},{"title":"2020/10/21","rate":0.0036310820624546117},{"title":"2020/10/22","rate":0.003724444307947122},{"title":"2020/10/23","rate":0.0036310820624546117},{"title":"2020/10/24","rate":0.0036310820624546117},{"title":"2020/10/25","rate":0.0036310820624546117},{"title":"2020/10/26","rate":0.0036310820624546117},{"title":"2020/10/27","rate":0.0036310820624546117}]}