{"results":[{"ledgerSequence":32214562,"rate":0.0036310820624546117},{"ledgerSequence":32214563,"rate":0.0036310820624546117},{"ledgerSequence":32214564,"rate":0.0036310820624546117},{"ledgerSequence":32214565,"rate":0.0036310820624546117},{"ledgerSequence":32214566,"rate":0.0036310820624546117},{"ledgerSequence":32214567,"rate":0.0036310820624546117},{"ledgerSequence":32214568,"rate":0.0036310820624546117},{"ledgerSequence":32214569,"rate":0.0036310820624546117},{"ledgerSequence":32214570,"rate":0.0036310820624546117},{"ledgerSequence":32214571,"rate":0.0036310820624546117},{"ledgerSequence":32214572,"rate":0.0036310820624546117},{"ledgerSequence":32214573,"rate":0.0036310820624546117},{"ledgerSequence":32214574,"rate":0.0036310820624546117},{"ledgerSequence":32214575,"rate":0.0036310820624546117},{"ledgerSequence":32214576,"rate":0.0036310820624546117},{"ledgerSequence":32214577,"rate":0.0036310820624546117},{"ledgerSequence":32214578,"rate":0.0036310820624546117},{"ledgerSequence":32214579,"rate":0.0036310820624546117},{"ledgerSequence":32214580,"rate":0.0036310820624546117},{"ledgerSequence":32214581,"rate":0.0036310820624546117},{"ledgerSequence":32214582,"rate":0.0036310820624546117},{"ledgerSequence":32214583,"rate":0.0036310820624546117},{"ledgerSequence":32214584,"rate":0.0036310820624546117},{"ledgerSequence":32214585,"rate":0.0036310820624546117},{"ledgerSequence":32214586,"rate":0.0036310820624546117},{"ledgerSequence":32214587,"rate":0.0036310820624546117},{"ledgerSequence":32214588,"rate":0.0036310820624546117},{"ledgerSequence":32214589,"rate":0.0036310820624546117},{"ledgerSequence":32214590,"rate":0.0036310820624546117},{"ledgerSequence":32214591,"rate":0.0036310820624546117},{"ledgerSequence":32214592,"rate":0.0036310820624546117},{"ledgerSequence":32214593,"rate":0.0036310820624546117},{"ledgerSequence":32214594,"rate":0.0036310820624546117},{"ledgerSequence":32214595,"rate":0.0036310820624546117},{"ledgerSequence":32214596,"rate":0.0036310820624546117},{"ledgerSequence":32214597,"rate":0.0036310820624546117},{"ledgerSequence":32214598,"rate":0.0036310820624546117},{"ledgerSequence":32214599,"rate":0.0036310820624546117},{"ledgerSequence":32214600,"rate":0.0036310820624546117},{"ledgerSequence":32214601,"rate":0.0036310820624546117},{"ledgerSequence":32214602,"rate":0.0036310820624546117},{"ledgerSequence":32214603,"rate":0.0036310820624546117},{"ledgerSequence":32214604,"rate":0.0036310820624546117},{"ledgerSequence":32214605,"rate":0.0036310820624546117},{"ledgerSequence":32214606,"rate":0.0036310820624546117},{"ledgerSequence":32214607,"rate":0.0036310820624546117},{"ledgerSequence":32214608,"rate":0.0036310820624546117},{"ledgerSequence":32214609,"rate":0.0036310820624546117},{"ledgerSequence":32214610,"rate":0.0036310820624546117},{"ledgerSequence":32214611,"rate":0.0036310820624546117},{"ledgerSequence":32214612,"rate":0.0036310820624546117},{"ledgerSequence":32214613,"rate":0.0036310820624546117},{"ledgerSequence":32214614,"rate":0.0036310820624546117},{"ledgerSequence":32214615,"rate":0.0036310820624546117},{"ledgerSequence":32214616,"rate":0.0036310820624546117},{"ledgerSequence":32214617,"rate":0.0036310820624546117},{"ledgerSequence":32214618,"rate":0.0036310820624546117},{"ledgerSequence":32214619,"rate":0.0036310820624546117},{"ledgerSequence":32214620,"rate":0.0036310820624546117},{"ledgerSequence":32214621,"rate":0.0036310820624546117},{"ledgerSequence":32214622,"rate":0.0036310820624546117},{"ledgerSequence":32214623,"rate":0.0036310820624546117},{"ledgerSequence":32214624,"rate":0.0036310820624546117},{"ledgerSequence":32214625,"rate":0.0036310820624546117},{"ledgerSequence":32214626,"rate":0.0036310820624546117},{"ledgerSequence":32214627,"rate":0.0036310820624546117},{"ledgerSequence":32214628,"rate":0.0036310820624546117},{"ledgerSequence":32214629,"rate":0.0036310820624546117},{"ledgerSequence":32214630,"rate":0.0036310820624546117},{"ledgerSequence":32214631,"rate":0.0036310820624546117},{"ledgerSequence":32214632,"rate":0.0036310820624546117},{"ledgerSequence":32214633,"rate":0.0036310820624546117},{"ledgerSequence":32214634,"rate":0.0036310820624546117},{"ledgerSequence":32214635,"rate":0.0036310820624546117},{"ledgerSequence":32214636,"rate":0.0036310820624546117},{"ledgerSequence":32214637,"rate":0.0036310820624546117},{"ledgerSequence":32214638,"rate":0.0036310820624546117},{"ledgerSequence":32214639,"rate":0.0036310820624546117},{"ledgerSequence":32214640,"rate":0.0036310820624546117},{"ledgerSequence":32214641,"rate":0.0036310820624546117},{"ledgerSequence":32214642,"rate":0.0036310820624546117},{"ledgerSequence":32214643,"rate":0.0036310820624546117},{"ledgerSequence":32214644,"rate":0.0036310820624546117},{"ledgerSequence":32214645,"rate":0.0036310820624546117},{"ledgerSequence":32214646,"rate":0.0036310820624546117},{"ledgerSequence":32214647,"rate":0.0036310820624546117},{"ledgerSequence":32214648,"rate":0.0036310820624546117},{"ledgerSequence":32214649,"rate":0.0036310820624546117},{"ledgerSequence":32214650,"rate":0.0036310820624546117},{"ledgerSequence":32214651,"rate":0.0036310820624546117},{"ledgerSequence":32214652,"rate":0.0036310820624546117},{"ledgerSequence":32214653,"rate":0.0036310820624546117},{"ledgerSequence":32214654,"rate":0.0036310820624546117},{"ledgerSequence":32214655,"rate":0.0036310820624546117},{"ledgerSequence":32214656,"rate":0.0036310820624546117},{"ledgerSequence":32214657,"rate":0.0036310820624546117},{"ledgerSequence":32214658,"rate":0.0036310820624546117},{"ledgerSequence":32214659,"rate":0.0036310820624546117},{"ledgerSequence":32214660,"rate":0.0036310820624546117},{"ledgerSequence":32214661,"rate":0.0036310820624546117}]}