{"results":[{"title":"2020/10/01","rate":0.003724444307947122}]}