{"results":[{"title":"2020/10/11","rate":0.0036310820624546117},{"title":"2020/10/18","rate":0.003724444307947122},{"title":"2020/10/25","rate":0.0036310820624546117}]}