{"results":[{"ledgerSequence":32064662,"rate":0.0036310820624546117},{"ledgerSequence":32064663,"rate":0.0036310820624546117},{"ledgerSequence":32064664,"rate":0.0036310820624546117},{"ledgerSequence":32064665,"rate":0.0036310820624546117},{"ledgerSequence":32064666,"rate":0.0036310820624546117},{"ledgerSequence":32064667,"rate":0.0036310820624546117},{"ledgerSequence":32064668,"rate":0.0036310820624546117},{"ledgerSequence":32064669,"rate":0.0036310820624546117},{"ledgerSequence":32064670,"rate":0.0036310820624546117},{"ledgerSequence":32064671,"rate":0.0036310820624546117},{"ledgerSequence":32064672,"rate":0.0036310820624546117},{"ledgerSequence":32064673,"rate":0.0036310820624546117},{"ledgerSequence":32064674,"rate":0.0036310820624546117},{"ledgerSequence":32064675,"rate":0.0036310820624546117},{"ledgerSequence":32064676,"rate":0.0036310820624546117},{"ledgerSequence":32064677,"rate":0.0036310820624546117},{"ledgerSequence":32064678,"rate":0.0036310820624546117},{"ledgerSequence":32064679,"rate":0.0036310820624546117},{"ledgerSequence":32064680,"rate":0.0036310820624546117},{"ledgerSequence":32064681,"rate":0.0036310820624546117},{"ledgerSequence":32064682,"rate":0.0036310820624546117},{"ledgerSequence":32064683,"rate":0.0036310820624546117},{"ledgerSequence":32064684,"rate":0.0036310820624546117},{"ledgerSequence":32064685,"rate":0.0036310820624546117},{"ledgerSequence":32064686,"rate":0.0036310820624546117},{"ledgerSequence":32064687,"rate":0.0036310820624546117},{"ledgerSequence":32064688,"rate":0.0036310820624546117},{"ledgerSequence":32064689,"rate":0.0036310820624546117},{"ledgerSequence":32064690,"rate":0.0036310820624546117},{"ledgerSequence":32064691,"rate":0.0036310820624546117},{"ledgerSequence":32064692,"rate":0.0036310820624546117},{"ledgerSequence":32064693,"rate":0.0036310820624546117},{"ledgerSequence":32064694,"rate":0.0036310820624546117},{"ledgerSequence":32064695,"rate":0.0036310820624546117},{"ledgerSequence":32064696,"rate":0.0036310820624546117},{"ledgerSequence":32064697,"rate":0.0036310820624546117},{"ledgerSequence":32064698,"rate":0.0036310820624546117},{"ledgerSequence":32064699,"rate":0.0036310820624546117},{"ledgerSequence":32064700,"rate":0.0036310820624546117},{"ledgerSequence":32064701,"rate":0.0036310820624546117},{"ledgerSequence":32064702,"rate":0.0036310820624546117},{"ledgerSequence":32064703,"rate":0.0036310820624546117},{"ledgerSequence":32064704,"rate":0.0036310820624546117},{"ledgerSequence":32064705,"rate":0.0036310820624546117},{"ledgerSequence":32064706,"rate":0.0036310820624546117},{"ledgerSequence":32064707,"rate":0.0036310820624546117},{"ledgerSequence":32064708,"rate":0.0036310820624546117},{"ledgerSequence":32064709,"rate":0.0036310820624546117},{"ledgerSequence":32064710,"rate":0.0036310820624546117},{"ledgerSequence":32064711,"rate":0.0036310820624546117},{"ledgerSequence":32064712,"rate":0.0036310820624546117},{"ledgerSequence":32064713,"rate":0.0036310820624546117},{"ledgerSequence":32064714,"rate":0.0036310820624546117},{"ledgerSequence":32064715,"rate":0.0036310820624546117},{"ledgerSequence":32064716,"rate":0.0036310820624546117},{"ledgerSequence":32064717,"rate":0.0036310820624546117},{"ledgerSequence":32064718,"rate":0.0036310820624546117},{"ledgerSequence":32064719,"rate":0.0036310820624546117},{"ledgerSequence":32064720,"rate":0.0036310820624546117},{"ledgerSequence":32064721,"rate":0.0036310820624546117},{"ledgerSequence":32064722,"rate":0.0036310820624546117},{"ledgerSequence":32064723,"rate":0.0036310820624546117},{"ledgerSequence":32064724,"rate":0.0036310820624546117},{"ledgerSequence":32064725,"rate":0.0036310820624546117},{"ledgerSequence":32064726,"rate":0.0036310820624546117},{"ledgerSequence":32064727,"rate":0.0036310820624546117},{"ledgerSequence":32064728,"rate":0.0036310820624546117},{"ledgerSequence":32064729,"rate":0.0036310820624546117},{"ledgerSequence":32064730,"rate":0.0036310820624546117},{"ledgerSequence":32064731,"rate":0.0036310820624546117},{"ledgerSequence":32064732,"rate":0.0036310820624546117},{"ledgerSequence":32064733,"rate":0.0036310820624546117},{"ledgerSequence":32064734,"rate":0.0036310820624546117},{"ledgerSequence":32064735,"rate":0.0036310820624546117},{"ledgerSequence":32064736,"rate":0.0036310820624546117},{"ledgerSequence":32064737,"rate":0.0036310820624546117},{"ledgerSequence":32064738,"rate":0.0036310820624546117},{"ledgerSequence":32064739,"rate":0.0036310820624546117},{"ledgerSequence":32064740,"rate":0.0036310820624546117},{"ledgerSequence":32064741,"rate":0.0036310820624546117},{"ledgerSequence":32064742,"rate":0.0036310820624546117},{"ledgerSequence":32064743,"rate":0.0036310820624546117},{"ledgerSequence":32064744,"rate":0.0036310820624546117},{"ledgerSequence":32064745,"rate":0.0036310820624546117},{"ledgerSequence":32064746,"rate":0.0036310820624546117},{"ledgerSequence":32064747,"rate":0.0036310820624546117},{"ledgerSequence":32064748,"rate":0.0036310820624546117},{"ledgerSequence":32064749,"rate":0.0036310820624546117},{"ledgerSequence":32064750,"rate":0.0036310820624546117},{"ledgerSequence":32064751,"rate":0.0036310820624546117},{"ledgerSequence":32064752,"rate":0.0036310820624546117},{"ledgerSequence":32064753,"rate":0.0036310820624546117},{"ledgerSequence":32064754,"rate":0.0036310820624546117},{"ledgerSequence":32064755,"rate":0.0036310820624546117},{"ledgerSequence":32064756,"rate":0.0036310820624546117},{"ledgerSequence":32064757,"rate":0.0036310820624546117},{"ledgerSequence":32064758,"rate":0.0036310820624546117},{"ledgerSequence":32064759,"rate":0.0036310820624546117},{"ledgerSequence":32064760,"rate":0.0036310820624546117},{"ledgerSequence":32064761,"rate":0.0036310820624546117}]}