{"results":[{"title":"2020/01/01","rate":0.003724444307947122}]}