{"results":[{"title":"Ledger 24334355","volume":111.1439856},{"title":"Ledger 24344397","volume":350},{"title":"Ledger 24345991","volume":300.0000102},{"title":"Ledger 24347494","volume":1799.9999939},{"title":"Ledger 24349173","volume":999.9700256},{"title":"Ledger 24355696","volume":0.0013233},{"title":"Ledger 24378586","volume":300.0229292},{"title":"Ledger 24393427","volume":19.9999988},{"title":"Ledger 24393720","volume":330},{"title":"Ledger 24393938","volume":1000.0238256},{"title":"Ledger 24395961","volume":127.209854},{"title":"Ledger 24396183","volume":120.0005617},{"title":"Ledger 24406731","volume":100.0002613},{"title":"Ledger 24408179","volume":1100.0001322},{"title":"Ledger 24424197","volume":0.7292982},{"title":"Ledger 24430063","volume":17.3716584},{"title":"Ledger 24437726","volume":0.9873468},{"title":"Ledger 24441222","volume":1000.0005929},{"title":"Ledger 24464015","volume":0.0073267},{"title":"Ledger 24471373","volume":895.6371975},{"title":"Ledger 24479727","volume":521.8525689},{"title":"Ledger 24485787","volume":0.0378493},{"title":"Ledger 24485788","volume":0.0508543},{"title":"Ledger 24485789","volume":6.9069347},{"title":"Ledger 24488058","volume":19.0032463},{"title":"Ledger 24488725","volume":13.9966533},{"title":"Ledger 24494056","volume":0.0129448},{"title":"Ledger 24494057","volume":8709.9813801},{"title":"Ledger 24494058","volume":0.0132179},{"title":"Ledger 24516043","volume":139.9968731},{"title":"Ledger 24530828","volume":500.0068386},{"title":"Ledger 24531003","volume":7.9581196},{"title":"Ledger 24535391","volume":0.278957},{"title":"Ledger 24535392","volume":49.7097519},{"title":"Ledger 24540257","volume":993.9817815},{"title":"Ledger 24565649","volume":12.000047},{"title":"Ledger 24583569","volume":4972.2199828},{"title":"Ledger 24583710","volume":281.2260172},{"title":"Ledger 24583729","volume":0.0101523},{"title":"Ledger 24587867","volume":1458.901778},{"title":"Ledger 24589622","volume":6419.228977},{"title":"Ledger 24589623","volume":0.0116915},{"title":"Ledger 24590870","volume":2414.3294972},{"title":"Ledger 24590871","volume":2190.2074364},{"title":"Ledger 24590872","volume":1128.5303864},{"title":"Ledger 24590874","volume":1927.9747807},{"title":"Ledger 24590875","volume":1550.785699},{"title":"Ledger 24596591","volume":89.1017965},{"title":"Ledger 24600335","volume":514.5240242},{"title":"Ledger 24603800","volume":0.9707866},{"title":"Ledger 24645389","volume":15.3128835},{"title":"Ledger 24651042","volume":0.0051547},{"title":"Ledger 24683133","volume":0.1673134},{"title":"Ledger 24712078","volume":1499.9923868},{"title":"Ledger 24712082","volume":260.9581578},{"title":"Ledger 24712095","volume":1000.000437},{"title":"Ledger 24712098","volume":4074.9668723},{"title":"Ledger 24712100","volume":631.0330443},{"title":"Ledger 24712101","volume":0.0108091},{"title":"Ledger 24712180","volume":21.2445789},{"title":"Ledger 24728783","volume":20.9994601},{"title":"Ledger 24729682","volume":15.1066429},{"title":"Ledger 24734792","volume":2542.0378644},{"title":"Ledger 24735370","volume":500.0031054},{"title":"Ledger 24737750","volume":35.4673289},{"title":"Ledger 24738414","volume":0.0033129},{"title":"Ledger 24747718","volume":999.9999898},{"title":"Ledger 24747724","volume":349.9910569},{"title":"Ledger 24747730","volume":1052.6409079},{"title":"Ledger 24747740","volume":1581.4664591},{"title":"Ledger 24763699","volume":149.6987428},{"title":"Ledger 24763711","volume":8.2035427},{"title":"Ledger 24777789","volume":1081.5895609},{"title":"Ledger 24782111","volume":170.9401667},{"title":"Ledger 24782142","volume":0.0048674},{"title":"Ledger 24790016","volume":310.7650835},{"title":"Ledger 24790841","volume":999.7240098},{"title":"Ledger 24791103","volume":51.8745614},{"title":"Ledger 24793984","volume":0.0097869},{"title":"Ledger 24793985","volume":5234.0138754},{"title":"Ledger 24794085","volume":499.9999286},{"title":"Ledger 24794544","volume":4895.2053524},{"title":"Ledger 24794546","volume":499.9979427},{"title":"Ledger 24796566","volume":0.0095815},{"title":"Ledger 24799947","volume":4348.1254905},{"title":"Ledger 24799948","volume":3815.1308381}]}