{"results":[{"ledgerSequence":24183478,"volume":0.00001},{"ledgerSequence":24183551,"volume":531.05888},{"ledgerSequence":24216976,"volume":1000.0003634},{"ledgerSequence":24218917,"volume":411.8107657},{"ledgerSequence":24218918,"volume":0.0121929},{"ledgerSequence":24218942,"volume":1000.0000836},{"ledgerSequence":24218984,"volume":316.7749544},{"ledgerSequence":24219493,"volume":0.2639769},{"ledgerSequence":24232258,"volume":0.0035607},{"ledgerSequence":24282283,"volume":28.25},{"ledgerSequence":24312235,"volume":99.9999962},{"ledgerSequence":24312245,"volume":100.0000026},{"ledgerSequence":24330473,"volume":1000.0000802},{"ledgerSequence":24330617,"volume":0.4542209},{"ledgerSequence":24334355,"volume":111.1439856},{"ledgerSequence":24344397,"volume":350},{"ledgerSequence":24345991,"volume":300.0000102},{"ledgerSequence":24347494,"volume":1799.9999939},{"ledgerSequence":24349173,"volume":999.9700256},{"ledgerSequence":24355696,"volume":0.0013233},{"ledgerSequence":24378586,"volume":300.0229292},{"ledgerSequence":24393427,"volume":19.9999988},{"ledgerSequence":24393720,"volume":330},{"ledgerSequence":24393938,"volume":1000.0238256},{"ledgerSequence":24395961,"volume":127.209854},{"ledgerSequence":24396183,"volume":120.0005617},{"ledgerSequence":24406731,"volume":100.0002613},{"ledgerSequence":24408179,"volume":1100.0001322},{"ledgerSequence":24424197,"volume":0.7292982},{"ledgerSequence":24430063,"volume":17.3716584},{"ledgerSequence":24437726,"volume":0.9873468},{"ledgerSequence":24441222,"volume":1000.0005929},{"ledgerSequence":24464015,"volume":0.0073267},{"ledgerSequence":24471373,"volume":895.6371975},{"ledgerSequence":24479727,"volume":521.8525689},{"ledgerSequence":24485787,"volume":0.0378493},{"ledgerSequence":24485788,"volume":0.0508543},{"ledgerSequence":24485789,"volume":6.9069347},{"ledgerSequence":24488058,"volume":19.0032463},{"ledgerSequence":24488725,"volume":13.9966533},{"ledgerSequence":24494056,"volume":0.0129448},{"ledgerSequence":24494057,"volume":8709.9813801},{"ledgerSequence":24494058,"volume":0.0132179},{"ledgerSequence":24516043,"volume":139.9968731},{"ledgerSequence":24530828,"volume":500.0068386},{"ledgerSequence":24531003,"volume":7.9581196},{"ledgerSequence":24535391,"volume":0.278957},{"ledgerSequence":24535392,"volume":49.7097519},{"ledgerSequence":24540257,"volume":993.9817815},{"ledgerSequence":24565649,"volume":12.000047},{"ledgerSequence":24583569,"volume":4972.2199828},{"ledgerSequence":24583710,"volume":281.2260172},{"ledgerSequence":24583729,"volume":0.0101523},{"ledgerSequence":24587867,"volume":1458.901778},{"ledgerSequence":24589622,"volume":6419.228977},{"ledgerSequence":24589623,"volume":0.0116915},{"ledgerSequence":24590870,"volume":2414.3294972},{"ledgerSequence":24590871,"volume":2190.2074364},{"ledgerSequence":24590872,"volume":1128.5303864},{"ledgerSequence":24590874,"volume":1927.9747807},{"ledgerSequence":24590875,"volume":1550.785699},{"ledgerSequence":24596591,"volume":89.1017965},{"ledgerSequence":24600335,"volume":514.5240242},{"ledgerSequence":24603800,"volume":0.9707866},{"ledgerSequence":24645389,"volume":15.3128835},{"ledgerSequence":24651042,"volume":0.0051547},{"ledgerSequence":24683133,"volume":0.1673134},{"ledgerSequence":24712078,"volume":1499.9923868},{"ledgerSequence":24712082,"volume":260.9581578},{"ledgerSequence":24712095,"volume":1000.000437},{"ledgerSequence":24712098,"volume":4074.9668723},{"ledgerSequence":24712100,"volume":631.0330443},{"ledgerSequence":24712101,"volume":0.0108091},{"ledgerSequence":24712180,"volume":21.2445789},{"ledgerSequence":24728783,"volume":20.9994601},{"ledgerSequence":24729682,"volume":15.1066429},{"ledgerSequence":24734792,"volume":2542.0378644},{"ledgerSequence":24735370,"volume":500.0031054},{"ledgerSequence":24737750,"volume":35.4673289},{"ledgerSequence":24738414,"volume":0.0033129},{"ledgerSequence":24747718,"volume":999.9999898},{"ledgerSequence":24747724,"volume":349.9910569},{"ledgerSequence":24747730,"volume":1052.6409079},{"ledgerSequence":24747740,"volume":1581.4664591},{"ledgerSequence":24763699,"volume":149.6987428},{"ledgerSequence":24763711,"volume":8.2035427},{"ledgerSequence":24777789,"volume":1081.5895609},{"ledgerSequence":24782111,"volume":170.9401667},{"ledgerSequence":24782142,"volume":0.0048674},{"ledgerSequence":24790016,"volume":310.7650835},{"ledgerSequence":24790841,"volume":999.7240098},{"ledgerSequence":24791103,"volume":51.8745614},{"ledgerSequence":24793984,"volume":0.0097869},{"ledgerSequence":24793985,"volume":5234.0138754},{"ledgerSequence":24794085,"volume":499.9999286},{"ledgerSequence":24794544,"volume":4895.2053524},{"ledgerSequence":24794546,"volume":499.9979427},{"ledgerSequence":24796566,"volume":0.0095815},{"ledgerSequence":24799947,"volume":4348.1254905},{"ledgerSequence":24799948,"volume":3815.1308381}]}