{"results":[{"title":"2018/01/01","volume":292500.0746172},{"title":"2019/01/01","volume":2847753.6261138986},{"title":"2020/01/01","volume":41590280.7354112}]}