{"results":[{"title":"2018/03/20","tradeCount":1,"tradeVolume":5000,"paymentCount":0,"paymentVolume":0},{"title":"2018/03/22","tradeCount":1,"tradeVolume":110.87995,"paymentCount":0,"paymentVolume":0},{"title":"2018/04/02","tradeCount":16,"tradeVolume":71.4526803,"paymentCount":0,"paymentVolume":0},{"title":"2018/04/06","tradeCount":1,"tradeVolume":37.5,"paymentCount":0,"paymentVolume":0},{"title":"2018/04/07","tradeCount":6,"tradeVolume":194.8709454,"paymentCount":0,"paymentVolume":0},{"title":"2018/04/11","tradeCount":1,"tradeVolume":7699.99615,"paymentCount":0,"paymentVolume":0},{"title":"2018/04/15","tradeCount":7,"tradeVolume":10.9651886,"paymentCount":0,"paymentVolume":0},{"title":"2018/04/16","tradeCount":1,"tradeVolume":20.5882352,"paymentCount":0,"paymentVolume":0},{"title":"2018/04/19","tradeCount":3,"tradeVolume":179.4117648,"paymentCount":0,"paymentVolume":0},{"title":"2018/04/23","tradeCount":2,"tradeVolume":50,"paymentCount":0,"paymentVolume":0},{"title":"2018/04/30","tradeCount":1,"tradeVolume":0.019647,"paymentCount":0,"paymentVolume":0},{"title":"2018/04/30","tradeCount":1,"tradeVolume":5,"paymentCount":0,"paymentVolume":0},{"title":"2018/05/01","tradeCount":1,"tradeVolume":1.50974,"paymentCount":0,"paymentVolume":0},{"title":"2018/05/03","tradeCount":2,"tradeVolume":46.3666666,"paymentCount":0,"paymentVolume":0},{"title":"2018/05/04","tradeCount":2,"tradeVolume":10.0386913,"paymentCount":0,"paymentVolume":0},{"title":"2018/05/06","tradeCount":1,"tradeVolume":0.0533333,"paymentCount":0,"paymentVolume":0},{"title":"2018/05/07","tradeCount":11,"tradeVolume":2331.0040812,"paymentCount":0,"paymentVolume":0},{"title":"2018/05/08","tradeCount":3,"tradeVolume":22.4232012,"paymentCount":0,"paymentVolume":0},{"title":"2018/05/09","tradeCount":6,"tradeVolume":107.0249075,"paymentCount":0,"paymentVolume":0},{"title":"2018/05/11","tradeCount":1,"tradeVolume":15,"paymentCount":0,"paymentVolume":0},{"title":"2018/05/12","tradeCount":2,"tradeVolume":22.6201216,"paymentCount":0,"paymentVolume":0},{"title":"2018/05/13","tradeCount":2,"tradeVolume":2988.95992,"paymentCount":0,"paymentVolume":0},{"title":"2018/05/14","tradeCount":2,"tradeVolume":812.9185746,"paymentCount":0,"paymentVolume":0},{"title":"2018/05/16","tradeCount":9,"tradeVolume":869.1211972,"paymentCount":0,"paymentVolume":0},{"title":"2018/05/18","tradeCount":2,"tradeVolume":145,"paymentCount":0,"paymentVolume":0},{"title":"2018/05/19","tradeCount":5,"tradeVolume":32.3530192,"paymentCount":0,"paymentVolume":0},{"title":"2018/05/20","tradeCount":7,"tradeVolume":156.8667825,"paymentCount":0,"paymentVolume":0},{"title":"2018/05/21","tradeCount":11,"tradeVolume":185.027836,"paymentCount":0,"paymentVolume":0},{"title":"2018/05/22","tradeCount":5,"tradeVolume":820.1111378,"paymentCount":0,"paymentVolume":0},{"title":"2018/05/23","tradeCount":1,"tradeVolume":87.4675436,"paymentCount":0,"paymentVolume":0},{"title":"2018/05/24","tradeCount":1,"tradeVolume":24.7524752,"paymentCount":0,"paymentVolume":0},{"title":"2018/05/25","tradeCount":5,"tradeVolume":76.9847238,"paymentCount":0,"paymentVolume":0},{"title":"2018/05/27","tradeCount":1,"tradeVolume":380,"paymentCount":0,"paymentVolume":0},{"title":"2018/05/29","tradeCount":1,"tradeVolume":6.94592,"paymentCount":0,"paymentVolume":0},{"title":"2018/05/30","tradeCount":2,"tradeVolume":393.9750001,"paymentCount":0,"paymentVolume":0},{"title":"2018/05/31","tradeCount":2,"tradeVolume":635.0529757,"paymentCount":0,"paymentVolume":0},{"title":"2018/06/01","tradeCount":3,"tradeVolume":39.94048,"paymentCount":0,"paymentVolume":0},{"title":"2018/06/02","tradeCount":2,"tradeVolume":191.3180827,"paymentCount":0,"paymentVolume":0},{"title":"2018/06/03","tradeCount":7,"tradeVolume":101.1778105,"paymentCount":0,"paymentVolume":0},{"title":"2018/06/04","tradeCount":3,"tradeVolume":29.7551137,"paymentCount":0,"paymentVolume":0},{"title":"2018/06/05","tradeCount":1,"tradeVolume":0.17054,"paymentCount":0,"paymentVolume":0},{"title":"2018/06/05","tradeCount":3,"tradeVolume":113.8348571,"paymentCount":0,"paymentVolume":0},{"title":"2018/06/06","tradeCount":5,"tradeVolume":29.3680052,"paymentCount":0,"paymentVolume":0},{"title":"2018/06/07","tradeCount":3,"tradeVolume":111.1408593,"paymentCount":0,"paymentVolume":0},{"title":"2018/06/08","tradeCount":6,"tradeVolume":3503.6800232,"paymentCount":0,"paymentVolume":0},{"title":"2018/06/09","tradeCount":1,"tradeVolume":9.6153846,"paymentCount":0,"paymentVolume":0},{"title":"2018/06/10","tradeCount":4,"tradeVolume":58.7048944,"paymentCount":0,"paymentVolume":0},{"title":"2018/06/11","tradeCount":1,"tradeVolume":390,"paymentCount":0,"paymentVolume":0},{"title":"2018/06/12","tradeCount":2,"tradeVolume":121.17,"paymentCount":0,"paymentVolume":0},{"title":"2018/06/13","tradeCount":2,"tradeVolume":408.43289,"paymentCount":0,"paymentVolume":0},{"title":"2018/06/14","tradeCount":8,"tradeVolume":685.7386745,"paymentCount":0,"paymentVolume":0},{"title":"2018/06/15","tradeCount":1,"tradeVolume":256.94591,"paymentCount":0,"paymentVolume":0},{"title":"2018/06/17","tradeCount":2,"tradeVolume":394.9425287,"paymentCount":0,"paymentVolume":0},{"title":"2018/06/18","tradeCount":5,"tradeVolume":323.7872174,"paymentCount":0,"paymentVolume":0},{"title":"2018/06/19","tradeCount":2,"tradeVolume":111.99227,"paymentCount":0,"paymentVolume":0},{"title":"2018/06/20","tradeCount":2,"tradeVolume":0.1963855,"paymentCount":0,"paymentVolume":0},{"title":"2018/06/21","tradeCount":2,"tradeVolume":402.99993,"paymentCount":0,"paymentVolume":0},{"title":"2018/06/22","tradeCount":2,"tradeVolume":1.0105481,"paymentCount":0,"paymentVolume":0},{"title":"2018/06/23","tradeCount":3,"tradeVolume":4361.2252221,"paymentCount":0,"paymentVolume":0},{"title":"2018/06/24","tradeCount":4,"tradeVolume":129.9027776,"paymentCount":0,"paymentVolume":0},{"title":"2018/06/25","tradeCount":2,"tradeVolume":214.997,"paymentCount":0,"paymentVolume":0},{"title":"2018/06/26","tradeCount":1,"tradeVolume":0.9985,"paymentCount":0,"paymentVolume":0},{"title":"2018/06/27","tradeCount":2,"tradeVolume":2.02,"paymentCount":0,"paymentVolume":0},{"title":"2018/06/28","tradeCount":9,"tradeVolume":617.0861305,"paymentCount":0,"paymentVolume":0},{"title":"2018/06/29","tradeCount":3,"tradeVolume":67.429426,"paymentCount":0,"paymentVolume":0},{"title":"2018/06/30","tradeCount":4,"tradeVolume":342.9518392,"paymentCount":0,"paymentVolume":0},{"title":"2018/07/01","tradeCount":1,"tradeVolume":1.9602605,"paymentCount":0,"paymentVolume":0},{"title":"2018/07/02","tradeCount":1,"tradeVolume":3200.88997,"paymentCount":0,"paymentVolume":0},{"title":"2018/07/03","tradeCount":3,"tradeVolume":3978.1095305,"paymentCount":0,"paymentVolume":0},{"title":"2018/07/04","tradeCount":8,"tradeVolume":46031.6007243,"paymentCount":0,"paymentVolume":0},{"title":"2018/07/05","tradeCount":3,"tradeVolume":435.2623189,"paymentCount":0,"paymentVolume":0},{"title":"2018/07/06","tradeCount":3,"tradeVolume":106.9084635,"paymentCount":0,"paymentVolume":0},{"title":"2018/07/07","tradeCount":1,"tradeVolume":277.05139,"paymentCount":0,"paymentVolume":0},{"title":"2018/07/08","tradeCount":3,"tradeVolume":10203.98998,"paymentCount":0,"paymentVolume":0},{"title":"2018/07/10","tradeCount":4,"tradeVolume":11084.1137165,"paymentCount":0,"paymentVolume":0},{"title":"2018/07/11","tradeCount":6,"tradeVolume":7314.9692607,"paymentCount":0,"paymentVolume":0},{"title":"2018/07/12","tradeCount":3,"tradeVolume":1152.8617269,"paymentCount":0,"paymentVolume":0},{"title":"2018/07/13","tradeCount":4,"tradeVolume":3896.9476453,"paymentCount":0,"paymentVolume":0},{"title":"2018/07/14","tradeCount":3,"tradeVolume":277.8582002,"paymentCount":0,"paymentVolume":0},{"title":"2018/07/15","tradeCount":5,"tradeVolume":7159.4239931,"paymentCount":0,"paymentVolume":0},{"title":"2018/07/16","tradeCount":1,"tradeVolume":30,"paymentCount":0,"paymentVolume":0},{"title":"2018/07/17","tradeCount":3,"tradeVolume":44270.0974574,"paymentCount":0,"paymentVolume":0},{"title":"2018/07/18","tradeCount":3,"tradeVolume":1192.3481708,"paymentCount":0,"paymentVolume":0},{"title":"2018/07/19","tradeCount":9,"tradeVolume":4218.3455178,"paymentCount":0,"paymentVolume":0},{"title":"2018/07/20","tradeCount":2,"tradeVolume":45.66998,"paymentCount":0,"paymentVolume":0},{"title":"2018/07/21","tradeCount":3,"tradeVolume":242.3817944,"paymentCount":0,"paymentVolume":0},{"title":"2018/07/22","tradeCount":2,"tradeVolume":56002.2523809,"paymentCount":0,"paymentVolume":0},{"title":"2018/07/23","tradeCount":5,"tradeVolume":1019.1993044,"paymentCount":0,"paymentVolume":0},{"title":"2018/07/24","tradeCount":1,"tradeVolume":9.8039215,"paymentCount":0,"paymentVolume":0},{"title":"2018/07/25","tradeCount":5,"tradeVolume":20.9516642,"paymentCount":0,"paymentVolume":0},{"title":"2018/07/26","tradeCount":8,"tradeVolume":6234.7901508,"paymentCount":0,"paymentVolume":0},{"title":"2018/07/27","tradeCount":8,"tradeVolume":4432.8274185,"paymentCount":0,"paymentVolume":0},{"title":"2018/07/28","tradeCount":1,"tradeVolume":75.58987,"paymentCount":0,"paymentVolume":0},{"title":"2018/07/29","tradeCount":2,"tradeVolume":12.8796938,"paymentCount":0,"paymentVolume":0},{"title":"2018/07/30","tradeCount":4,"tradeVolume":520.458921,"paymentCount":0,"paymentVolume":0},{"title":"2018/07/31","tradeCount":4,"tradeVolume":877.5021088,"paymentCount":0,"paymentVolume":0},{"title":"2018/08/01","tradeCount":3,"tradeVolume":669.7755037,"paymentCount":0,"paymentVolume":0},{"title":"2018/08/02","tradeCount":24,"tradeVolume":923.0504866,"paymentCount":0,"paymentVolume":0},{"title":"2018/08/03","tradeCount":8,"tradeVolume":110.9575928,"paymentCount":0,"paymentVolume":0},{"title":"2018/08/04","tradeCount":53,"tradeVolume":407.7497573,"paymentCount":0,"paymentVolume":0},{"title":"2018/08/25","tradeCount":0,"tradeVolume":0,"paymentCount":1,"paymentVolume":10000},{"title":"2018/08/26","tradeCount":0,"tradeVolume":0,"paymentCount":1,"paymentVolume":3500},{"title":"2018/08/29","tradeCount":0,"tradeVolume":0,"paymentCount":1,"paymentVolume":178999.9964197},{"title":"2018/08/31","tradeCount":0,"tradeVolume":0,"paymentCount":1,"paymentVolume":20000},{"title":"2018/09/03","tradeCount":0,"tradeVolume":0,"paymentCount":2,"paymentVolume":10200},{"title":"2018/09/13","tradeCount":0,"tradeVolume":0,"paymentCount":4,"paymentVolume":17199.7283351},{"title":"2018/09/25","tradeCount":0,"tradeVolume":0,"paymentCount":2,"paymentVolume":0.3199384},{"title":"2018/09/26","tradeCount":0,"tradeVolume":0,"paymentCount":4,"paymentVolume":1.08527},{"title":"2018/09/27","tradeCount":0,"tradeVolume":0,"paymentCount":1,"paymentVolume":0.00089},{"title":"2018/10/04","tradeCount":0,"tradeVolume":0,"paymentCount":39,"paymentVolume":18.630000000000003},{"title":"2018/10/07","tradeCount":0,"tradeVolume":0,"paymentCount":1,"paymentVolume":0.85},{"title":"2018/10/09","tradeCount":0,"tradeVolume":0,"paymentCount":2,"paymentVolume":0.38999999999999996},{"title":"2018/10/10","tradeCount":0,"tradeVolume":0,"paymentCount":11,"paymentVolume":12.42131},{"title":"2018/10/11","tradeCount":0,"tradeVolume":0,"paymentCount":3,"paymentVolume":3.6},{"title":"2018/10/12","tradeCount":0,"tradeVolume":0,"paymentCount":2,"paymentVolume":2.1},{"title":"2018/10/14","tradeCount":0,"tradeVolume":0,"paymentCount":3,"paymentVolume":3.0700000000000003},{"title":"2018/10/15","tradeCount":0,"tradeVolume":0,"paymentCount":87,"paymentVolume":89.65923000000002},{"title":"2018/10/17","tradeCount":0,"tradeVolume":0,"paymentCount":3,"paymentVolume":50395.73929},{"title":"2018/10/18","tradeCount":0,"tradeVolume":0,"paymentCount":4,"paymentVolume":3.9800000000000004},{"title":"2018/10/22","tradeCount":0,"tradeVolume":0,"paymentCount":19,"paymentVolume":19.95},{"title":"2018/10/23","tradeCount":0,"tradeVolume":0,"paymentCount":4,"paymentVolume":4.04},{"title":"2018/10/24","tradeCount":0,"tradeVolume":0,"paymentCount":9,"paymentVolume":16.56},{"title":"2018/10/25","tradeCount":0,"tradeVolume":0,"paymentCount":1,"paymentVolume":0.92},{"title":"2018/10/30","tradeCount":0,"tradeVolume":0,"paymentCount":1,"paymentVolume":0.92},{"title":"2018/11/01","tradeCount":0,"tradeVolume":0,"paymentCount":1,"paymentVolume":0.00074},{"title":"2018/11/03","tradeCount":0,"tradeVolume":0,"paymentCount":1,"paymentVolume":0.00004},{"title":"2018/11/05","tradeCount":0,"tradeVolume":0,"paymentCount":2,"paymentVolume":1.69271},{"title":"2018/11/09","tradeCount":0,"tradeVolume":0,"paymentCount":54,"paymentVolume":149.01893000000007},{"title":"2018/11/12","tradeCount":0,"tradeVolume":0,"paymentCount":1,"paymentVolume":1.94},{"title":"2018/11/16","tradeCount":0,"tradeVolume":0,"paymentCount":1,"paymentVolume":0.27},{"title":"2018/11/29","tradeCount":0,"tradeVolume":0,"paymentCount":1,"paymentVolume":4.207635},{"title":"2018/11/30","tradeCount":0,"tradeVolume":0,"paymentCount":1,"paymentVolume":5.224086},{"title":"2018/12/12","tradeCount":0,"tradeVolume":0,"paymentCount":1,"paymentVolume":28.1475},{"title":"2018/12/14","tradeCount":0,"tradeVolume":0,"paymentCount":1,"paymentVolume":356},{"title":"2018/12/20","tradeCount":0,"tradeVolume":0,"paymentCount":1,"paymentVolume":1479.612293},{"title":"2019/01/07","tradeCount":0,"tradeVolume":0,"paymentCount":1,"paymentVolume":1.000075},{"title":"2019/02/22","tradeCount":0,"tradeVolume":0,"paymentCount":1,"paymentVolume":0.034},{"title":"2019/03/16","tradeCount":0,"tradeVolume":0,"paymentCount":2,"paymentVolume":0.17843},{"title":"2019/03/17","tradeCount":0,"tradeVolume":0,"paymentCount":1,"paymentVolume":2.03135},{"title":"2019/03/18","tradeCount":0,"tradeVolume":0,"paymentCount":1,"paymentVolume":3400.66808},{"title":"2019/06/04","tradeCount":0,"tradeVolume":0,"paymentCount":1,"paymentVolume":6.18106},{"title":"2019/07/24","tradeCount":0,"tradeVolume":0,"paymentCount":1,"paymentVolume":200},{"title":"2019/08/06","tradeCount":0,"tradeVolume":0,"paymentCount":3,"paymentVolume":0.00102},{"title":"2019/08/08","tradeCount":0,"tradeVolume":0,"paymentCount":1,"paymentVolume":10},{"title":"2019/08/14","tradeCount":0,"tradeVolume":0,"paymentCount":2,"paymentVolume":55},{"title":"2019/09/02","tradeCount":0,"tradeVolume":0,"paymentCount":1,"paymentVolume":5200},{"title":"2019/09/03","tradeCount":0,"tradeVolume":0,"paymentCount":1,"paymentVolume":4200},{"title":"2019/09/20","tradeCount":0,"tradeVolume":0,"paymentCount":1,"paymentVolume":4.0310312},{"title":"2019/10/18","tradeCount":0,"tradeVolume":0,"paymentCount":1,"paymentVolume":17664.26509},{"title":"2019/10/23","tradeCount":0,"tradeVolume":0,"paymentCount":3,"paymentVolume":13632.22543},{"title":"2019/10/31","tradeCount":0,"tradeVolume":0,"paymentCount":2,"paymentVolume":2738.80384},{"title":"2019/11/01","tradeCount":0,"tradeVolume":0,"paymentCount":1,"paymentVolume":5936.49889},{"title":"2019/11/05","tradeCount":0,"tradeVolume":0,"paymentCount":3,"paymentVolume":69516.54545},{"title":"2019/11/06","tradeCount":0,"tradeVolume":0,"paymentCount":2,"paymentVolume":26926.08333},{"title":"2019/11/08","tradeCount":0,"tradeVolume":0,"paymentCount":2,"paymentVolume":37680.33235},{"title":"2019/11/09","tradeCount":0,"tradeVolume":0,"paymentCount":3,"paymentVolume":31362.32406},{"title":"2019/11/10","tradeCount":0,"tradeVolume":0,"paymentCount":7,"paymentVolume":115542.43057},{"title":"2019/11/11","tradeCount":0,"tradeVolume":0,"paymentCount":9,"paymentVolume":151875.07645},{"title":"2019/11/12","tradeCount":0,"tradeVolume":0,"paymentCount":4,"paymentVolume":8974.213570000002},{"title":"2019/11/13","tradeCount":0,"tradeVolume":0,"paymentCount":1,"paymentVolume":31200.97118},{"title":"2019/11/16","tradeCount":0,"tradeVolume":0,"paymentCount":22,"paymentVolume":23197.490820000003},{"title":"2019/11/17","tradeCount":0,"tradeVolume":0,"paymentCount":60,"paymentVolume":1201606.6548049003},{"title":"2019/11/18","tradeCount":0,"tradeVolume":0,"paymentCount":52,"paymentVolume":834547.6926289003},{"title":"2019/11/19","tradeCount":0,"tradeVolume":0,"paymentCount":1,"paymentVolume":465.311223},{"title":"2019/11/20","tradeCount":0,"tradeVolume":0,"paymentCount":7,"paymentVolume":644.9679674},{"title":"2019/11/21","tradeCount":0,"tradeVolume":0,"paymentCount":5,"paymentVolume":26871.1215809},{"title":"2019/11/28","tradeCount":0,"tradeVolume":0,"paymentCount":1,"paymentVolume":21.6430353},{"title":"2019/11/29","tradeCount":0,"tradeVolume":0,"paymentCount":1,"paymentVolume":105.045849},{"title":"2019/12/05","tradeCount":0,"tradeVolume":0,"paymentCount":2,"paymentVolume":71.6406876},{"title":"2019/12/09","tradeCount":0,"tradeVolume":0,"paymentCount":3,"paymentVolume":33270.2416752},{"title":"2019/12/11","tradeCount":0,"tradeVolume":0,"paymentCount":1,"paymentVolume":30.2524173},{"title":"2019/12/13","tradeCount":0,"tradeVolume":0,"paymentCount":1,"paymentVolume":24.1199559},{"title":"2019/12/14","tradeCount":0,"tradeVolume":0,"paymentCount":5,"paymentVolume":71.8651913},{"title":"2019/12/15","tradeCount":0,"tradeVolume":0,"paymentCount":1,"paymentVolume":5.7942599},{"title":"2019/12/16","tradeCount":0,"tradeVolume":0,"paymentCount":1,"paymentVolume":6.696257},{"title":"2019/12/17","tradeCount":0,"tradeVolume":0,"paymentCount":2,"paymentVolume":14179.3445619},{"title":"2019/12/18","tradeCount":0,"tradeVolume":0,"paymentCount":2,"paymentVolume":19513.20934},{"title":"2019/12/22","tradeCount":0,"tradeVolume":0,"paymentCount":9,"paymentVolume":66694.79745539998},{"title":"2019/12/23","tradeCount":0,"tradeVolume":0,"paymentCount":4,"paymentVolume":33331.2346008},{"title":"2019/12/24","tradeCount":0,"tradeVolume":0,"paymentCount":8,"paymentVolume":33658.646845999996},{"title":"2019/12/26","tradeCount":0,"tradeVolume":0,"paymentCount":2,"paymentVolume":33306.9597},{"title":"2020/01/09","tradeCount":0,"tradeVolume":0,"paymentCount":1,"paymentVolume":0.2292472},{"title":"2020/01/14","tradeCount":0,"tradeVolume":0,"paymentCount":2,"paymentVolume":900.0522528},{"title":"2020/01/17","tradeCount":0,"tradeVolume":0,"paymentCount":2,"paymentVolume":1.7733895000000002},{"title":"2020/01/18","tradeCount":0,"tradeVolume":0,"paymentCount":1,"paymentVolume":0.0651199},{"title":"2020/01/20","tradeCount":0,"tradeVolume":0,"paymentCount":4,"paymentVolume":6738.6572677},{"title":"2020/01/25","tradeCount":0,"tradeVolume":0,"paymentCount":1,"paymentVolume":0.0039964},{"title":"2020/01/26","tradeCount":0,"tradeVolume":0,"paymentCount":1,"paymentVolume":4982.7596399},{"title":"2020/02/10","tradeCount":0,"tradeVolume":0,"paymentCount":2,"paymentVolume":1700},{"title":"2020/02/14","tradeCount":0,"tradeVolume":0,"paymentCount":1,"paymentVolume":200},{"title":"2020/02/17","tradeCount":0,"tradeVolume":0,"paymentCount":1,"paymentVolume":4438.25},{"title":"2020/02/21","tradeCount":0,"tradeVolume":0,"paymentCount":7,"paymentVolume":5588.7786484},{"title":"2020/02/24","tradeCount":0,"tradeVolume":0,"paymentCount":1,"paymentVolume":117.5893604},{"title":"2020/02/26","tradeCount":0,"tradeVolume":0,"paymentCount":1,"paymentVolume":117.5893604},{"title":"2020/02/27","tradeCount":0,"tradeVolume":0,"paymentCount":1,"paymentVolume":6e-7},{"title":"2020/03/04","tradeCount":0,"tradeVolume":0,"paymentCount":2,"paymentVolume":1022.3623485},{"title":"2020/03/06","tradeCount":0,"tradeVolume":0,"paymentCount":12,"paymentVolume":5956.0145354999995},{"title":"2020/03/07","tradeCount":0,"tradeVolume":0,"paymentCount":1,"paymentVolume":0.9999985},{"title":"2020/03/12","tradeCount":0,"tradeVolume":0,"paymentCount":1,"paymentVolume":383.3508765},{"title":"2020/04/03","tradeCount":0,"tradeVolume":0,"paymentCount":3,"paymentVolume":188}]}