{"results":[{"title":"2018/03/01","tradeCount":2,"tradeVolume":5110.87995,"paymentCount":0,"paymentVolume":0},{"title":"2018/04/01","tradeCount":38,"tradeVolume":8269.7849643,"paymentCount":0,"paymentVolume":0},{"title":"2018/04/01","tradeCount":1,"tradeVolume":0.019647,"paymentCount":0,"paymentVolume":0},{"title":"2018/05/01","tradeCount":85,"tradeVolume":10171.5778484,"paymentCount":0,"paymentVolume":0},{"title":"2018/06/01","tradeCount":94,"tradeVolume":13022.3627603,"paymentCount":0,"paymentVolume":0},{"title":"2018/06/01","tradeCount":1,"tradeVolume":0.17054,"paymentCount":0,"paymentVolume":0},{"title":"2018/07/01","tradeCount":109,"tradeVolume":214327.0455347,"paymentCount":0,"paymentVolume":0},{"title":"2018/08/01","tradeCount":2,"tradeVolume":600.00069,"paymentCount":4,"paymentVolume":212499.9964197},{"title":"2018/08/01","tradeCount":505,"tradeVolume":236548.9520283,"paymentCount":4,"paymentVolume":212499.9964197},{"title":"2018/09/01","tradeCount":1753,"tradeVolume":191209.9198547,"paymentCount":13,"paymentVolume":27401.1344335},{"title":"2018/09/01","tradeCount":267,"tradeVolume":6013.6310576,"paymentCount":13,"paymentVolume":27401.1344335},{"title":"2018/09/01","tradeCount":496,"tradeVolume":33.1491145,"paymentCount":13,"paymentVolume":27401.1344335},{"title":"2018/09/01","tradeCount":954,"tradeVolume":0.4633029,"paymentCount":13,"paymentVolume":27401.1344335},{"title":"2018/10/01","tradeCount":1499,"tradeVolume":377457.7447049,"paymentCount":189,"paymentVolume":50572.82983000001},{"title":"2018/10/01","tradeCount":1317,"tradeVolume":16422.7348613,"paymentCount":189,"paymentVolume":50572.82983000001},{"title":"2018/11/01","tradeCount":603,"tradeVolume":27639.5635209,"paymentCount":62,"paymentVolume":162.35414100000008},{"title":"2018/11/01","tradeCount":477,"tradeVolume":878.0336199,"paymentCount":62,"paymentVolume":162.35414100000008},{"title":"2018/12/01","tradeCount":85,"tradeVolume":1854.724691,"paymentCount":3,"paymentVolume":1863.759793},{"title":"2018/12/01","tradeCount":42,"tradeVolume":109.5754574,"paymentCount":3,"paymentVolume":1863.759793},{"title":"2019/01/01","tradeCount":1,"tradeVolume":99.9999778,"paymentCount":1,"paymentVolume":1.000075},{"title":"2019/01/01","tradeCount":47,"tradeVolume":163.086139,"paymentCount":1,"paymentVolume":1.000075},{"title":"2019/01/01","tradeCount":18,"tradeVolume":10.5024555,"paymentCount":1,"paymentVolume":1.000075},{"title":"2019/01/01","tradeCount":1,"tradeVolume":0.001122,"paymentCount":1,"paymentVolume":1.000075},{"title":"2019/02/01","tradeCount":10,"tradeVolume":41.2009579,"paymentCount":1,"paymentVolume":0.034},{"title":"2019/02/01","tradeCount":12,"tradeVolume":30.0045014,"paymentCount":1,"paymentVolume":0.034},{"title":"2019/03/01","tradeCount":2,"tradeVolume":1.0000037,"paymentCount":4,"paymentVolume":3402.87786},{"title":"2019/03/01","tradeCount":32,"tradeVolume":573.6709198,"paymentCount":4,"paymentVolume":3402.87786},{"title":"2019/03/01","tradeCount":39,"tradeVolume":1076.6123275,"paymentCount":4,"paymentVolume":3402.87786},{"title":"2019/04/01","tradeCount":105,"tradeVolume":7612.2740683,"paymentCount":0,"paymentVolume":0},{"title":"2019/04/01","tradeCount":53,"tradeVolume":753.0611725,"paymentCount":0,"paymentVolume":0},{"title":"2019/05/01","tradeCount":51,"tradeVolume":7016.0342874,"paymentCount":0,"paymentVolume":0},{"title":"2019/05/01","tradeCount":11,"tradeVolume":337.0565389,"paymentCount":0,"paymentVolume":0},{"title":"2019/06/01","tradeCount":32,"tradeVolume":818.3193543,"paymentCount":1,"paymentVolume":6.18106},{"title":"2019/06/01","tradeCount":89,"tradeVolume":9224.1858099,"paymentCount":1,"paymentVolume":6.18106},{"title":"2019/07/01","tradeCount":44,"tradeVolume":20547.3490323,"paymentCount":1,"paymentVolume":200},{"title":"2019/07/01","tradeCount":19,"tradeVolume":431.4050348,"paymentCount":1,"paymentVolume":200},{"title":"2019/07/01","tradeCount":5,"tradeVolume":8.9853969,"paymentCount":1,"paymentVolume":200},{"title":"2019/08/01","tradeCount":1,"tradeVolume":0.0141415,"paymentCount":6,"paymentVolume":65.00102000000001},{"title":"2019/08/01","tradeCount":288,"tradeVolume":346611.9835864,"paymentCount":6,"paymentVolume":65.00102000000001},{"title":"2019/08/01","tradeCount":104,"tradeVolume":2243.3254112,"paymentCount":6,"paymentVolume":65.00102000000001},{"title":"2019/08/01","tradeCount":5,"tradeVolume":0.0014236,"paymentCount":6,"paymentVolume":65.00102000000001},{"title":"2019/08/01","tradeCount":20,"tradeVolume":0.0139242,"paymentCount":6,"paymentVolume":65.00102000000001},{"title":"2019/09/01","tradeCount":57,"tradeVolume":0.1168735,"paymentCount":3,"paymentVolume":9404.0310312},{"title":"2019/09/01","tradeCount":17,"tradeVolume":371.1403903,"paymentCount":3,"paymentVolume":9404.0310312},{"title":"2019/09/01","tradeCount":1420,"tradeVolume":515534.6490333,"paymentCount":3,"paymentVolume":9404.0310312},{"title":"2019/10/01","tradeCount":310,"tradeVolume":6808.4354493,"paymentCount":6,"paymentVolume":34035.29436},{"title":"2019/10/01","tradeCount":397,"tradeVolume":10739.3281368,"paymentCount":6,"paymentVolume":34035.29436},{"title":"2019/10/01","tradeCount":9,"tradeVolume":1.2967955,"paymentCount":6,"paymentVolume":34035.29436},{"title":"2019/10/01","tradeCount":779,"tradeVolume":478847.0139972,"paymentCount":6,"paymentVolume":34035.29436},{"title":"2019/10/01","tradeCount":37,"tradeVolume":1785.8513182,"paymentCount":6,"paymentVolume":34035.29436},{"title":"2019/10/01","tradeCount":8,"tradeVolume":5.9995597,"paymentCount":6,"paymentVolume":34035.29436},{"title":"2019/10/01","tradeCount":4,"tradeVolume":4.9999986,"paymentCount":6,"paymentVolume":34035.29436},{"title":"2019/10/01","tradeCount":49,"tradeVolume":0.1821006,"paymentCount":6,"paymentVolume":34035.29436},{"title":"2019/10/01","tradeCount":4,"tradeVolume":30.6869328,"paymentCount":6,"paymentVolume":34035.29436},{"title":"2019/10/01","tradeCount":193,"tradeVolume":0.6644151,"paymentCount":6,"paymentVolume":34035.29436},{"title":"2019/10/01","tradeCount":7,"tradeVolume":70.0658247,"paymentCount":6,"paymentVolume":34035.29436},{"title":"2019/11/01","tradeCount":2174,"tradeVolume":8.1841704,"paymentCount":181,"paymentVolume":2566474.4037594013},{"title":"2019/11/01","tradeCount":1455,"tradeVolume":52116.5126366,"paymentCount":181,"paymentVolume":2566474.4037594013},{"title":"2019/11/01","tradeCount":5,"tradeVolume":118.6441437,"paymentCount":181,"paymentVolume":2566474.4037594013},{"title":"2019/11/01","tradeCount":1154,"tradeVolume":40038.3365574,"paymentCount":181,"paymentVolume":2566474.4037594013},{"title":"2019/11/01","tradeCount":25,"tradeVolume":3235.5199782,"paymentCount":181,"paymentVolume":2566474.4037594013},{"title":"2019/11/01","tradeCount":14,"tradeVolume":30.0120082,"paymentCount":181,"paymentVolume":2566474.4037594013},{"title":"2019/11/01","tradeCount":3043,"tradeVolume":1358708.685942,"paymentCount":181,"paymentVolume":2566474.4037594013},{"title":"2019/11/01","tradeCount":10,"tradeVolume":4025.2086807,"paymentCount":181,"paymentVolume":2566474.4037594013},{"title":"2019/11/01","tradeCount":17,"tradeVolume":0.0708317,"paymentCount":181,"paymentVolume":2566474.4037594013},{"title":"2019/12/01","tradeCount":6,"tradeVolume":11.0082002,"paymentCount":41,"paymentVolume":234164.8029483001},{"title":"2019/12/01","tradeCount":4,"tradeVolume":49.2944777,"paymentCount":41,"paymentVolume":234164.8029483001},{"title":"2019/12/01","tradeCount":10,"tradeVolume":1654.7003984,"paymentCount":41,"paymentVolume":234164.8029483001},{"title":"2019/12/01","tradeCount":1,"tradeVolume":2.4999472,"paymentCount":41,"paymentVolume":234164.8029483001},{"title":"2019/12/01","tradeCount":617,"tradeVolume":98892.2342664,"paymentCount":41,"paymentVolume":234164.8029483001},{"title":"2019/12/01","tradeCount":3799,"tradeVolume":4375772.0459568,"paymentCount":41,"paymentVolume":234164.8029483001},{"title":"2019/12/01","tradeCount":12,"tradeVolume":101.3048542,"paymentCount":41,"paymentVolume":234164.8029483001},{"title":"2019/12/01","tradeCount":16,"tradeVolume":4.4217502,"paymentCount":41,"paymentVolume":234164.8029483001},{"title":"2019/12/01","tradeCount":1,"tradeVolume":1,"paymentCount":41,"paymentVolume":234164.8029483001},{"title":"2019/12/01","tradeCount":61,"tradeVolume":26102.1270491,"paymentCount":41,"paymentVolume":234164.8029483001},{"title":"2019/12/01","tradeCount":2,"tradeVolume":0.0000505,"paymentCount":41,"paymentVolume":234164.8029483001},{"title":"2019/12/01","tradeCount":2,"tradeVolume":0.9990312,"paymentCount":41,"paymentVolume":234164.8029483001},{"title":"2019/12/01","tradeCount":955,"tradeVolume":15.2208799,"paymentCount":41,"paymentVolume":234164.8029483001},{"title":"2019/12/01","tradeCount":1,"tradeVolume":0.0668575,"paymentCount":41,"paymentVolume":234164.8029483001},{"title":"2019/12/01","tradeCount":1,"tradeVolume":0.040137,"paymentCount":41,"paymentVolume":234164.8029483001},{"title":"2019/12/01","tradeCount":6,"tradeVolume":16.5075166,"paymentCount":41,"paymentVolume":234164.8029483001},{"title":"2019/12/01","tradeCount":454,"tradeVolume":10292.5239953,"paymentCount":41,"paymentVolume":234164.8029483001},{"title":"2019/12/01","tradeCount":1,"tradeVolume":0.002,"paymentCount":41,"paymentVolume":234164.8029483001},{"title":"2020/01/01","tradeCount":1,"tradeVolume":0.0000137,"paymentCount":12,"paymentVolume":12623.540913400002},{"title":"2020/01/01","tradeCount":1,"tradeVolume":11,"paymentCount":12,"paymentVolume":12623.540913400002},{"title":"2020/01/01","tradeCount":4,"tradeVolume":0.000009,"paymentCount":12,"paymentVolume":12623.540913400002},{"title":"2020/01/01","tradeCount":1,"tradeVolume":0.0004,"paymentCount":12,"paymentVolume":12623.540913400002},{"title":"2020/01/01","tradeCount":1115,"tradeVolume":45.1438008,"paymentCount":12,"paymentVolume":12623.540913400002},{"title":"2020/01/01","tradeCount":19,"tradeVolume":5195.805189,"paymentCount":12,"paymentVolume":12623.540913400002},{"title":"2020/01/01","tradeCount":59,"tradeVolume":12057.2955434,"paymentCount":12,"paymentVolume":12623.540913400002},{"title":"2020/01/01","tradeCount":13157,"tradeVolume":42893047.8147651,"paymentCount":12,"paymentVolume":12623.540913400002},{"title":"2020/01/01","tradeCount":2,"tradeVolume":50,"paymentCount":12,"paymentVolume":12623.540913400002},{"title":"2020/01/01","tradeCount":2,"tradeVolume":0.9659872,"paymentCount":12,"paymentVolume":12623.540913400002},{"title":"2020/01/01","tradeCount":1407,"tradeVolume":74251.9598524,"paymentCount":12,"paymentVolume":12623.540913400002},{"title":"2020/01/01","tradeCount":2,"tradeVolume":9.8901196,"paymentCount":12,"paymentVolume":12623.540913400002},{"title":"2020/01/01","tradeCount":5,"tradeVolume":1365379.7656767,"paymentCount":12,"paymentVolume":12623.540913400002},{"title":"2020/01/01","tradeCount":11,"tradeVolume":60.8,"paymentCount":12,"paymentVolume":12623.540913400002},{"title":"2020/01/01","tradeCount":372,"tradeVolume":615.9735988,"paymentCount":12,"paymentVolume":12623.540913400002},{"title":"2020/01/01","tradeCount":3797,"tradeVolume":1759759.9163124,"paymentCount":12,"paymentVolume":12623.540913400002},{"title":"2020/01/01","tradeCount":1725,"tradeVolume":1153764.4277935,"paymentCount":12,"paymentVolume":12623.540913400002},{"title":"2020/02/01","tradeCount":0,"tradeVolume":0,"paymentCount":14,"paymentVolume":12162.2073698},{"title":"2020/03/01","tradeCount":0,"tradeVolume":0,"paymentCount":16,"paymentVolume":7362.727758999999},{"title":"2020/04/01","tradeCount":0,"tradeVolume":0,"paymentCount":31,"paymentVolume":8854.25},{"title":"2020/05/01","tradeCount":0,"tradeVolume":0,"paymentCount":48,"paymentVolume":31656.1966084},{"title":"2020/06/01","tradeCount":0,"tradeVolume":0,"paymentCount":41,"paymentVolume":352519.86482260004},{"title":"2020/07/01","tradeCount":0,"tradeVolume":0,"paymentCount":33,"paymentVolume":350311.4720427},{"title":"2020/08/01","tradeCount":0,"tradeVolume":0,"paymentCount":38,"paymentVolume":180423.8748661},{"title":"2020/09/01","tradeCount":0,"tradeVolume":0,"paymentCount":37,"paymentVolume":10047609.1108529},{"title":"2020/10/01","tradeCount":0,"tradeVolume":0,"paymentCount":93,"paymentVolume":1462921.0570607001},{"title":"2020/11/01","tradeCount":0,"tradeVolume":0,"paymentCount":180,"paymentVolume":19071628.407796305},{"title":"2020/12/01","tradeCount":0,"tradeVolume":0,"paymentCount":618,"paymentVolume":13883123.906569796}]}