{"results":[{"ledgerSequence":20304878,"volume":0.82},{"ledgerSequence":20304903,"volume":0.46},{"ledgerSequence":20304950,"volume":0.76},{"ledgerSequence":20304981,"volume":0.23},{"ledgerSequence":20304994,"volume":0.61},{"ledgerSequence":20305033,"volume":0.46},{"ledgerSequence":20305116,"volume":0.22},{"ledgerSequence":20305285,"volume":0.33},{"ledgerSequence":20305395,"volume":0.69},{"ledgerSequence":20305413,"volume":0.32},{"ledgerSequence":20305468,"volume":0.56},{"ledgerSequence":20305714,"volume":0.63},{"ledgerSequence":20305786,"volume":0.73},{"ledgerSequence":20305970,"volume":0.54},{"ledgerSequence":20306024,"volume":0.36},{"ledgerSequence":20306253,"volume":0.33},{"ledgerSequence":20306341,"volume":0.19},{"ledgerSequence":20306645,"volume":0.33},{"ledgerSequence":20306822,"volume":0.79},{"ledgerSequence":20307021,"volume":0.43},{"ledgerSequence":20307099,"volume":0.78},{"ledgerSequence":20307473,"volume":0.24},{"ledgerSequence":20362186,"volume":0.85},{"ledgerSequence":20388537,"volume":0.04},{"ledgerSequence":20388538,"volume":0.35},{"ledgerSequence":20402817,"volume":0.66},{"ledgerSequence":20404537,"volume":1.4},{"ledgerSequence":20404882,"volume":1.2},{"ledgerSequence":20405566,"volume":1.29},{"ledgerSequence":20405783,"volume":1.59},{"ledgerSequence":20405938,"volume":1.61},{"ledgerSequence":20406133,"volume":1.4},{"ledgerSequence":20406439,"volume":0.94},{"ledgerSequence":20406479,"volume":1.04099},{"ledgerSequence":20410100,"volume":1.24032},{"ledgerSequence":20410456,"volume":0.05},{"ledgerSequence":20417850,"volume":0.89},{"ledgerSequence":20417879,"volume":1.55},{"ledgerSequence":20421405,"volume":1.16},{"ledgerSequence":20435650,"volume":0.8},{"ledgerSequence":20443655,"volume":1.3},{"ledgerSequence":20467148,"volume":1.34},{"ledgerSequence":20467323,"volume":0.76},{"ledgerSequence":20467429,"volume":0.97},{"ledgerSequence":20487621,"volume":0.13923},{"ledgerSequence":20488350,"volume":1.03},{"ledgerSequence":20488822,"volume":1.54},{"ledgerSequence":20488975,"volume":0.57},{"ledgerSequence":20489216,"volume":1.14},{"ledgerSequence":20489295,"volume":1},{"ledgerSequence":20489339,"volume":0.61},{"ledgerSequence":20489488,"volume":0.91},{"ledgerSequence":20489534,"volume":1.31},{"ledgerSequence":20489542,"volume":0.84},{"ledgerSequence":20489768,"volume":0.85},{"ledgerSequence":20489794,"volume":1.09},{"ledgerSequence":20491456,"volume":1.43},{"ledgerSequence":20492230,"volume":1.14},{"ledgerSequence":20492472,"volume":1.46},{"ledgerSequence":20492486,"volume":1.08},{"ledgerSequence":20492493,"volume":0.55},{"ledgerSequence":20492579,"volume":1.42},{"ledgerSequence":20492609,"volume":1.03}]}