{"results":[{"title":"2018/03/18","tradeCount":2,"tradeVolume":5110.87995,"paymentCount":0,"paymentVolume":0},{"title":"2018/04/01","tradeCount":23,"tradeVolume":303.8236257,"paymentCount":0,"paymentVolume":0},{"title":"2018/04/08","tradeCount":1,"tradeVolume":7699.99615,"paymentCount":0,"paymentVolume":0},{"title":"2018/04/15","tradeCount":11,"tradeVolume":210.9651886,"paymentCount":0,"paymentVolume":0},{"title":"2018/04/22","tradeCount":2,"tradeVolume":50,"paymentCount":0,"paymentVolume":0},{"title":"2018/04/29","tradeCount":1,"tradeVolume":0.019647,"paymentCount":0,"paymentVolume":0},{"title":"2018/04/29","tradeCount":6,"tradeVolume":62.9150979,"paymentCount":0,"paymentVolume":0},{"title":"2018/05/06","tradeCount":24,"tradeVolume":2498.1256448,"paymentCount":0,"paymentVolume":0},{"title":"2018/05/13","tradeCount":20,"tradeVolume":4848.352711,"paymentCount":0,"paymentVolume":0},{"title":"2018/05/20","tradeCount":30,"tradeVolume":1351.2104989,"paymentCount":0,"paymentVolume":0},{"title":"2018/05/27","tradeCount":11,"tradeVolume":1647.2324585,"paymentCount":0,"paymentVolume":0},{"title":"2018/06/03","tradeCount":28,"tradeVolume":3898.5720536,"paymentCount":0,"paymentVolume":0},{"title":"2018/06/03","tradeCount":1,"tradeVolume":0.17054,"paymentCount":0,"paymentVolume":0},{"title":"2018/06/10","tradeCount":18,"tradeVolume":1920.9923689,"paymentCount":0,"paymentVolume":0},{"title":"2018/06/17","tradeCount":18,"tradeVolume":5596.1541018,"paymentCount":0,"paymentVolume":0},{"title":"2018/06/24","tradeCount":25,"tradeVolume":1375.3856733,"paymentCount":0,"paymentVolume":0},{"title":"2018/07/01","tradeCount":20,"tradeVolume":54031.7826577,"paymentCount":0,"paymentVolume":0},{"title":"2018/07/08","tradeCount":23,"tradeVolume":33930.7405296,"paymentCount":0,"paymentVolume":0},{"title":"2018/07/15","tradeCount":26,"tradeVolume":57158.2669135,"paymentCount":0,"paymentVolume":0},{"title":"2018/07/22","tradeCount":30,"tradeVolume":67795.4147103,"paymentCount":0,"paymentVolume":0},{"title":"2018/07/29","tradeCount":98,"tradeVolume":3522.374064,"paymentCount":0,"paymentVolume":0},{"title":"2018/08/05","tradeCount":90,"tradeVolume":4700.6027646,"paymentCount":0,"paymentVolume":0},{"title":"2018/08/12","tradeCount":47,"tradeVolume":37688.8199332,"paymentCount":0,"paymentVolume":0},{"title":"2018/08/19","tradeCount":229,"tradeVolume":133663.7467665,"paymentCount":1,"paymentVolume":10000},{"title":"2018/08/26","tradeCount":8,"tradeVolume":612.715993,"paymentCount":3,"paymentVolume":202499.9964197},{"title":"2018/08/26","tradeCount":69,"tradeVolume":59984.7870924,"paymentCount":3,"paymentVolume":202499.9964197},{"title":"2018/09/02","tradeCount":216,"tradeVolume":0.0844217,"paymentCount":2,"paymentVolume":10200},{"title":"2018/09/02","tradeCount":345,"tradeVolume":50085.4650115,"paymentCount":2,"paymentVolume":10200},{"title":"2018/09/02","tradeCount":133,"tradeVolume":3986.6499965,"paymentCount":2,"paymentVolume":10200},{"title":"2018/09/09","tradeCount":736,"tradeVolume":0.3712149,"paymentCount":4,"paymentVolume":17199.7283351},{"title":"2018/09/09","tradeCount":1238,"tradeVolume":64506.4264451,"paymentCount":4,"paymentVolume":17199.7283351},{"title":"2018/09/09","tradeCount":496,"tradeVolume":33.1491145,"paymentCount":4,"paymentVolume":17199.7283351},{"title":"2018/09/09","tradeCount":45,"tradeVolume":120.8252041,"paymentCount":4,"paymentVolume":17199.7283351},{"title":"2018/09/16","tradeCount":2,"tradeVolume":0.0076663,"paymentCount":0,"paymentVolume":0},{"title":"2018/09/16","tradeCount":35,"tradeVolume":23889.4260919,"paymentCount":0,"paymentVolume":0},{"title":"2018/09/23","tradeCount":102,"tradeVolume":48556.6622474,"paymentCount":7,"paymentVolume":1.4060984},{"title":"2018/09/23","tradeCount":71,"tradeVolume":1642.1187583,"paymentCount":7,"paymentVolume":1.4060984},{"title":"2018/09/30","tradeCount":331,"tradeVolume":2448.2255198,"paymentCount":39,"paymentVolume":18.630000000000006},{"title":"2018/09/30","tradeCount":391,"tradeVolume":94581.5153345,"paymentCount":39,"paymentVolume":18.630000000000006},{"title":"2018/10/07","tradeCount":102,"tradeVolume":6596.8484846,"paymentCount":19,"paymentVolume":19.36131},{"title":"2018/10/07","tradeCount":150,"tradeVolume":81100.5785693,"paymentCount":19,"paymentVolume":19.36131},{"title":"2018/10/14","tradeCount":583,"tradeVolume":5825.4461545,"paymentCount":97,"paymentVolume":50492.44852},{"title":"2018/10/14","tradeCount":616,"tradeVolume":144350.2962788,"paymentCount":97,"paymentVolume":50492.44852},{"title":"2018/10/21","tradeCount":308,"tradeVolume":1803.5036905,"paymentCount":33,"paymentVolume":41.47},{"title":"2018/10/21","tradeCount":344,"tradeVolume":39361.3987452,"paymentCount":33,"paymentVolume":41.47},{"title":"2018/10/28","tradeCount":33,"tradeVolume":21092.1793536,"paymentCount":3,"paymentVolume":0.92078},{"title":"2018/10/28","tradeCount":17,"tradeVolume":78.2681098,"paymentCount":3,"paymentVolume":0.92078},{"title":"2018/11/04","tradeCount":365,"tradeVolume":410.3299359,"paymentCount":56,"paymentVolume":150.71164000000007},{"title":"2018/11/04","tradeCount":414,"tradeVolume":2656.5470269,"paymentCount":56,"paymentVolume":150.71164000000007},{"title":"2018/11/11","tradeCount":45,"tradeVolume":147.088756,"paymentCount":2,"paymentVolume":2.21},{"title":"2018/11/11","tradeCount":82,"tradeVolume":22773.0899562,"paymentCount":2,"paymentVolume":2.21},{"title":"2018/11/18","tradeCount":22,"tradeVolume":1097.4839275,"paymentCount":0,"paymentVolume":0},{"title":"2018/11/18","tradeCount":13,"tradeVolume":162.2110432,"paymentCount":0,"paymentVolume":0},{"title":"2018/11/25","tradeCount":65,"tradeVolume":655.6212238,"paymentCount":2,"paymentVolume":9.431721},{"title":"2018/11/25","tradeCount":42,"tradeVolume":80.1685826,"paymentCount":2,"paymentVolume":9.431721},{"title":"2018/12/02","tradeCount":11,"tradeVolume":40.644307,"paymentCount":0,"paymentVolume":0},{"title":"2018/12/02","tradeCount":24,"tradeVolume":646.5036777,"paymentCount":0,"paymentVolume":0},{"title":"2018/12/09","tradeCount":8,"tradeVolume":7.9223306,"paymentCount":2,"paymentVolume":384.1475},{"title":"2018/12/09","tradeCount":18,"tradeVolume":591.8224961,"paymentCount":2,"paymentVolume":384.1475},{"title":"2018/12/16","tradeCount":13,"tradeVolume":28.2330106,"paymentCount":1,"paymentVolume":1479.612293},{"title":"2018/12/16","tradeCount":17,"tradeVolume":252.1603448,"paymentCount":1,"paymentVolume":1479.612293},{"title":"2018/12/23","tradeCount":19,"tradeVolume":335.5655141,"paymentCount":0,"paymentVolume":0},{"title":"2018/12/23","tradeCount":9,"tradeVolume":32.6010632,"paymentCount":0,"paymentVolume":0},{"title":"2018/12/30","tradeCount":1,"tradeVolume":0.174746,"paymentCount":0,"paymentVolume":0},{"title":"2018/12/30","tradeCount":15,"tradeVolume":53.4827575,"paymentCount":0,"paymentVolume":0},{"title":"2019/01/06","tradeCount":1,"tradeVolume":99.9999778,"paymentCount":1,"paymentVolume":1.000075},{"title":"2019/01/06","tradeCount":34,"tradeVolume":105.2657894,"paymentCount":1,"paymentVolume":1.000075},{"title":"2019/01/06","tradeCount":13,"tradeVolume":6.3727144,"paymentCount":1,"paymentVolume":1.000075},{"title":"2019/01/13","tradeCount":2,"tradeVolume":1.4841269,"paymentCount":0,"paymentVolume":0},{"title":"2019/01/20","tradeCount":1,"tradeVolume":0.001122,"paymentCount":0,"paymentVolume":0},{"title":"2019/01/20","tradeCount":2,"tradeVolume":10.00025,"paymentCount":0,"paymentVolume":0},{"title":"2019/01/20","tradeCount":2,"tradeVolume":0.0001034,"paymentCount":0,"paymentVolume":0},{"title":"2019/01/27","tradeCount":1,"tradeVolume":2.6455108,"paymentCount":0,"paymentVolume":0},{"title":"2019/01/27","tradeCount":3,"tradeVolume":23.0100004,"paymentCount":0,"paymentVolume":0},{"title":"2019/02/10","tradeCount":1,"tradeVolume":22.0880004,"paymentCount":0,"paymentVolume":0},{"title":"2019/02/10","tradeCount":1,"tradeVolume":2.6560834,"paymentCount":0,"paymentVolume":0},{"title":"2019/02/17","tradeCount":11,"tradeVolume":7.916501,"paymentCount":1,"paymentVolume":0.034},{"title":"2019/02/17","tradeCount":9,"tradeVolume":38.5448745,"paymentCount":1,"paymentVolume":0.034},{"title":"2019/02/24","tradeCount":3,"tradeVolume":114.2234542,"paymentCount":0,"paymentVolume":0},{"title":"2019/03/03","tradeCount":3,"tradeVolume":180.3709418,"paymentCount":0,"paymentVolume":0},{"title":"2019/03/10","tradeCount":9,"tradeVolume":66.9661181,"paymentCount":2,"paymentVolume":0.17843},{"title":"2019/03/10","tradeCount":5,"tradeVolume":5.0139358,"paymentCount":2,"paymentVolume":0.17843},{"title":"2019/03/17","tradeCount":2,"tradeVolume":1.0000037,"paymentCount":2,"paymentVolume":3402.69943},{"title":"2019/03/17","tradeCount":14,"tradeVolume":206.9361219,"paymentCount":2,"paymentVolume":3402.69943},{"title":"2019/03/17","tradeCount":24,"tradeVolume":931.3117781,"paymentCount":2,"paymentVolume":3402.69943},{"title":"2019/03/24","tradeCount":10,"tradeVolume":140.2866136,"paymentCount":0,"paymentVolume":0},{"title":"2019/03/24","tradeCount":3,"tradeVolume":5.1742838,"paymentCount":0,"paymentVolume":0},{"title":"2019/03/31","tradeCount":35,"tradeVolume":698.5174802,"paymentCount":0,"paymentVolume":0},{"title":"2019/03/31","tradeCount":11,"tradeVolume":119.7943744,"paymentCount":0,"paymentVolume":0},{"title":"2019/04/07","tradeCount":4,"tradeVolume":31.3603825,"paymentCount":0,"paymentVolume":0},{"title":"2019/04/07","tradeCount":8,"tradeVolume":81.6999904,"paymentCount":0,"paymentVolume":0},{"title":"2019/04/14","tradeCount":14,"tradeVolume":246.2642124,"paymentCount":0,"paymentVolume":0},{"title":"2019/04/14","tradeCount":39,"tradeVolume":4599.0300348,"paymentCount":0,"paymentVolume":0},{"title":"2019/04/21","tradeCount":15,"tradeVolume":1969.3023278,"paymentCount":0,"paymentVolume":0},{"title":"2019/04/21","tradeCount":15,"tradeVolume":289.1701286,"paymentCount":0,"paymentVolume":0},{"title":"2019/04/28","tradeCount":15,"tradeVolume":810.1952648,"paymentCount":0,"paymentVolume":0},{"title":"2019/04/28","tradeCount":5,"tradeVolume":16.1324667,"paymentCount":0,"paymentVolume":0},{"title":"2019/05/05","tradeCount":11,"tradeVolume":1701.5815272,"paymentCount":0,"paymentVolume":0},{"title":"2019/05/05","tradeCount":6,"tradeVolume":162.4481386,"paymentCount":0,"paymentVolume":0},{"title":"2019/05/12","tradeCount":1,"tradeVolume":4.048103,"paymentCount":0,"paymentVolume":0},{"title":"2019/06/02","tradeCount":0,"tradeVolume":0,"paymentCount":1,"paymentVolume":6.18106},{"title":"2019/07/21","tradeCount":0,"tradeVolume":0,"paymentCount":1,"paymentVolume":200},{"title":"2019/08/04","tradeCount":0,"tradeVolume":0,"paymentCount":4,"paymentVolume":10.001019999999999},{"title":"2019/08/11","tradeCount":0,"tradeVolume":0,"paymentCount":2,"paymentVolume":55},{"title":"2019/09/01","tradeCount":0,"tradeVolume":0,"paymentCount":2,"paymentVolume":9400},{"title":"2019/09/15","tradeCount":0,"tradeVolume":0,"paymentCount":1,"paymentVolume":4.0310312},{"title":"2019/10/13","tradeCount":0,"tradeVolume":0,"paymentCount":1,"paymentVolume":17664.26509},{"title":"2019/10/20","tradeCount":0,"tradeVolume":0,"paymentCount":3,"paymentVolume":13632.22543},{"title":"2019/10/27","tradeCount":0,"tradeVolume":0,"paymentCount":3,"paymentVolume":8675.30273},{"title":"2019/11/03","tradeCount":0,"tradeVolume":0,"paymentCount":10,"paymentVolume":165485.28518999997},{"title":"2019/11/10","tradeCount":0,"tradeVolume":0,"paymentCount":43,"paymentVolume":330790.18259000004},{"title":"2019/11/17","tradeCount":0,"tradeVolume":0,"paymentCount":125,"paymentVolume":2064135.7482051007},{"title":"2019/11/24","tradeCount":0,"tradeVolume":0,"paymentCount":2,"paymentVolume":126.68888430000001},{"title":"2019/12/01","tradeCount":0,"tradeVolume":0,"paymentCount":2,"paymentVolume":71.6406876},{"title":"2019/12/08","tradeCount":0,"tradeVolume":0,"paymentCount":10,"paymentVolume":33396.4792397},{"title":"2019/12/15","tradeCount":0,"tradeVolume":0,"paymentCount":6,"paymentVolume":33705.044418800004},{"title":"2019/12/22","tradeCount":0,"tradeVolume":0,"paymentCount":23,"paymentVolume":166991.63860220002},{"title":"2020/01/05","tradeCount":0,"tradeVolume":0,"paymentCount":1,"paymentVolume":0.2292472},{"title":"2020/01/12","tradeCount":0,"tradeVolume":0,"paymentCount":5,"paymentVolume":901.8907622},{"title":"2020/01/19","tradeCount":0,"tradeVolume":0,"paymentCount":5,"paymentVolume":6738.6612641},{"title":"2020/01/26","tradeCount":0,"tradeVolume":0,"paymentCount":1,"paymentVolume":4982.7596399},{"title":"2020/02/09","tradeCount":0,"tradeVolume":0,"paymentCount":3,"paymentVolume":1900},{"title":"2020/02/16","tradeCount":0,"tradeVolume":0,"paymentCount":8,"paymentVolume":10027.028648399999},{"title":"2020/02/23","tradeCount":0,"tradeVolume":0,"paymentCount":3,"paymentVolume":235.17872140000003},{"title":"2020/03/01","tradeCount":0,"tradeVolume":0,"paymentCount":15,"paymentVolume":6979.376882500001},{"title":"2020/03/08","tradeCount":0,"tradeVolume":0,"paymentCount":1,"paymentVolume":383.3508765},{"title":"2020/03/29","tradeCount":0,"tradeVolume":0,"paymentCount":3,"paymentVolume":188},{"title":"2020/04/12","tradeCount":0,"tradeVolume":0,"paymentCount":3,"paymentVolume":6204.25},{"title":"2020/04/19","tradeCount":0,"tradeVolume":0,"paymentCount":23,"paymentVolume":2442},{"title":"2020/04/26","tradeCount":0,"tradeVolume":0,"paymentCount":2,"paymentVolume":20},{"title":"2020/05/03","tradeCount":0,"tradeVolume":0,"paymentCount":24,"paymentVolume":1242},{"title":"2020/05/10","tradeCount":0,"tradeVolume":0,"paymentCount":5,"paymentVolume":8115.2},{"title":"2020/05/17","tradeCount":0,"tradeVolume":0,"paymentCount":6,"paymentVolume":4},{"title":"2020/05/24","tradeCount":0,"tradeVolume":0,"paymentCount":13,"paymentVolume":22294.9966084},{"title":"2020/05/31","tradeCount":0,"tradeVolume":0,"paymentCount":5,"paymentVolume":13842},{"title":"2020/06/07","tradeCount":0,"tradeVolume":0,"paymentCount":2,"paymentVolume":8162.1629909},{"title":"2020/06/14","tradeCount":0,"tradeVolume":0,"paymentCount":12,"paymentVolume":3181.7534139000004},{"title":"2020/06/21","tradeCount":0,"tradeVolume":0,"paymentCount":19,"paymentVolume":218675.5266714},{"title":"2020/06/28","tradeCount":0,"tradeVolume":0,"paymentCount":7,"paymentVolume":108671.4217464},{"title":"2020/07/05","tradeCount":0,"tradeVolume":0,"paymentCount":1,"paymentVolume":300000},{"title":"2020/07/12","tradeCount":0,"tradeVolume":0,"paymentCount":13,"paymentVolume":722.1174883},{"title":"2020/07/19","tradeCount":0,"tradeVolume":0,"paymentCount":7,"paymentVolume":24223.2808343},{"title":"2020/07/26","tradeCount":0,"tradeVolume":0,"paymentCount":8,"paymentVolume":25353.0737201},{"title":"2020/08/02","tradeCount":0,"tradeVolume":0,"paymentCount":8,"paymentVolume":11063.025780799999},{"title":"2020/08/09","tradeCount":0,"tradeVolume":0,"paymentCount":13,"paymentVolume":28020.602268900002},{"title":"2020/08/16","tradeCount":0,"tradeVolume":0,"paymentCount":6,"paymentVolume":5917.7072938},{"title":"2020/08/23","tradeCount":0,"tradeVolume":0,"paymentCount":8,"paymentVolume":115877.919594},{"title":"2020/08/30","tradeCount":0,"tradeVolume":0,"paymentCount":8,"paymentVolume":28399.398742800004},{"title":"2020/09/06","tradeCount":0,"tradeVolume":0,"paymentCount":9,"paymentVolume":28600.4066355},{"title":"2020/09/13","tradeCount":0,"tradeVolume":0,"paymentCount":11,"paymentVolume":4749552.058722},{"title":"2020/09/20","tradeCount":0,"tradeVolume":0,"paymentCount":9,"paymentVolume":4767293.328695301},{"title":"2020/09/27","tradeCount":0,"tradeVolume":0,"paymentCount":18,"paymentVolume":522840.53047999996},{"title":"2020/10/04","tradeCount":0,"tradeVolume":0,"paymentCount":27,"paymentVolume":135508.0374195},{"title":"2020/10/11","tradeCount":0,"tradeVolume":0,"paymentCount":13,"paymentVolume":699861.5605167999},{"title":"2020/10/18","tradeCount":0,"tradeVolume":0,"paymentCount":14,"paymentVolume":220966.3447614},{"title":"2020/10/25","tradeCount":0,"tradeVolume":0,"paymentCount":24,"paymentVolume":377053.1218689},{"title":"2020/11/01","tradeCount":0,"tradeVolume":0,"paymentCount":40,"paymentVolume":733537.0585801},{"title":"2020/11/08","tradeCount":0,"tradeVolume":0,"paymentCount":31,"paymentVolume":327808.6752948},{"title":"2020/11/15","tradeCount":0,"tradeVolume":0,"paymentCount":36,"paymentVolume":5702282.377830199},{"title":"2020/11/22","tradeCount":0,"tradeVolume":0,"paymentCount":65,"paymentVolume":11679613.034907902},{"title":"2020/11/29","tradeCount":0,"tradeVolume":0,"paymentCount":63,"paymentVolume":6108119.515716501},{"title":"2020/12/06","tradeCount":0,"tradeVolume":0,"paymentCount":563,"paymentVolume":8403391.6520366}]}