{"results":[{"title":"2018/01/01","tradeCount":2,"tradeVolume":5110.87995,"paymentCount":0,"paymentVolume":0},{"title":"2018/04/01","tradeCount":217,"tradeVolume":31463.725573,"paymentCount":0,"paymentVolume":0},{"title":"2018/04/01","tradeCount":2,"tradeVolume":0.190187,"paymentCount":0,"paymentVolume":0},{"title":"2018/07/01","tradeCount":954,"tradeVolume":0.4633029,"paymentCount":17,"paymentVolume":239901.1308532},{"title":"2018/07/01","tradeCount":269,"tradeVolume":6613.6317476,"paymentCount":17,"paymentVolume":239901.1308532},{"title":"2018/07/01","tradeCount":2367,"tradeVolume":642085.9174177,"paymentCount":17,"paymentVolume":239901.1308532},{"title":"2018/07/01","tradeCount":496,"tradeVolume":33.1491145,"paymentCount":17,"paymentVolume":239901.1308532},{"title":"2018/10/01","tradeCount":2187,"tradeVolume":406952.0329168,"paymentCount":254,"paymentVolume":52598.943764},{"title":"2018/10/01","tradeCount":1836,"tradeVolume":17410.3439386,"paymentCount":254,"paymentVolume":52598.943764},{"title":"2019/01/01","tradeCount":1,"tradeVolume":99.9999778,"paymentCount":6,"paymentVolume":3403.9119349999996},{"title":"2019/01/01","tradeCount":1,"tradeVolume":0.001122,"paymentCount":6,"paymentVolume":3403.9119349999996},{"title":"2019/01/01","tradeCount":2,"tradeVolume":1.0000037,"paymentCount":6,"paymentVolume":3403.9119349999996},{"title":"2019/01/01","tradeCount":60,"tradeVolume":625.3743332,"paymentCount":6,"paymentVolume":3403.9119349999996},{"title":"2019/01/01","tradeCount":98,"tradeVolume":1269.7029679,"paymentCount":6,"paymentVolume":3403.9119349999996},{"title":"2019/04/01","tradeCount":96,"tradeVolume":1908.4370657,"paymentCount":1,"paymentVolume":6.18106},{"title":"2019/04/01","tradeCount":245,"tradeVolume":23852.4941656,"paymentCount":1,"paymentVolume":6.18106},{"title":"2019/07/01","tradeCount":140,"tradeVolume":3045.8708363,"paymentCount":10,"paymentVolume":9669.0320512},{"title":"2019/07/01","tradeCount":20,"tradeVolume":0.0139242,"paymentCount":10,"paymentVolume":9669.0320512},{"title":"2019/07/01","tradeCount":1752,"tradeVolume":882693.981652,"paymentCount":10,"paymentVolume":9669.0320512},{"title":"2019/07/01","tradeCount":62,"tradeVolume":0.1182971,"paymentCount":10,"paymentVolume":9669.0320512},{"title":"2019/07/01","tradeCount":6,"tradeVolume":8.9995384,"paymentCount":10,"paymentVolume":9669.0320512},{"title":"2019/10/01","tradeCount":1,"tradeVolume":0.002,"paymentCount":228,"paymentVolume":2834674.501067701},{"title":"2019/10/01","tradeCount":12,"tradeVolume":101.3048542,"paymentCount":228,"paymentVolume":2834674.501067701},{"title":"2019/10/01","tradeCount":4,"tradeVolume":30.6869328,"paymentCount":228,"paymentVolume":2834674.501067701},{"title":"2019/10/01","tradeCount":3322,"tradeVolume":24.0694654,"paymentCount":228,"paymentVolume":2834674.501067701},{"title":"2019/10/01","tradeCount":16,"tradeVolume":4.4217502,"paymentCount":228,"paymentVolume":2834674.501067701},{"title":"2019/10/01","tradeCount":1,"tradeVolume":1,"paymentCount":228,"paymentVolume":2834674.501067701},{"title":"2019/10/01","tradeCount":6,"tradeVolume":16.5075166,"paymentCount":228,"paymentVolume":2834674.501067701},{"title":"2019/10/01","tradeCount":13,"tradeVolume":188.7501054,"paymentCount":228,"paymentVolume":2834674.501067701},{"title":"2019/10/01","tradeCount":72,"tradeVolume":6676.0716948,"paymentCount":228,"paymentVolume":2834674.501067701},{"title":"2019/10/01","tradeCount":18,"tradeVolume":79.3064859,"paymentCount":228,"paymentVolume":2834674.501067701},{"title":"2019/10/01","tradeCount":1,"tradeVolume":2.4999472,"paymentCount":228,"paymentVolume":2834674.501067701},{"title":"2019/10/01","tradeCount":8,"tradeVolume":5.9995597,"paymentCount":228,"paymentVolume":2834674.501067701},{"title":"2019/10/01","tradeCount":1918,"tradeVolume":57139.296002,"paymentCount":228,"paymentVolume":2834674.501067701},{"title":"2019/10/01","tradeCount":1,"tradeVolume":0.0668575,"paymentCount":228,"paymentVolume":2834674.501067701},{"title":"2019/10/01","tradeCount":10,"tradeVolume":4025.2086807,"paymentCount":228,"paymentVolume":2834674.501067701},{"title":"2019/10/01","tradeCount":2,"tradeVolume":0.9990312,"paymentCount":228,"paymentVolume":2834674.501067701},{"title":"2019/10/01","tradeCount":66,"tradeVolume":0.2529323,"paymentCount":228,"paymentVolume":2834674.501067701},{"title":"2019/10/01","tradeCount":2,"tradeVolume":0.0000505,"paymentCount":228,"paymentVolume":2834674.501067701},{"title":"2019/10/01","tradeCount":9,"tradeVolume":1.2967955,"paymentCount":228,"paymentVolume":2834674.501067701},{"title":"2019/10/01","tradeCount":6,"tradeVolume":11.0082002,"paymentCount":228,"paymentVolume":2834674.501067701},{"title":"2019/10/01","tradeCount":4,"tradeVolume":4.9999986,"paymentCount":228,"paymentVolume":2834674.501067701},{"title":"2019/10/01","tradeCount":7621,"tradeVolume":6213327.745896,"paymentCount":228,"paymentVolume":2834674.501067701},{"title":"2019/10/01","tradeCount":61,"tradeVolume":26102.1270491,"paymentCount":228,"paymentVolume":2834674.501067701},{"title":"2019/10/01","tradeCount":2469,"tradeVolume":161748.0750398,"paymentCount":228,"paymentVolume":2834674.501067701},{"title":"2020/01/01","tradeCount":3,"tradeVolume":299493.4130392,"paymentCount":42,"paymentVolume":32148.476042200004},{"title":"2020/01/01","tradeCount":1,"tradeVolume":0.0004,"paymentCount":42,"paymentVolume":32148.476042200004},{"title":"2020/01/01","tradeCount":4040,"tradeVolume":408920.8782111,"paymentCount":42,"paymentVolume":32148.476042200004},{"title":"2020/01/01","tradeCount":135,"tradeVolume":28802.4247195,"paymentCount":42,"paymentVolume":32148.476042200004},{"title":"2020/01/01","tradeCount":2,"tradeVolume":50,"paymentCount":42,"paymentVolume":32148.476042200004},{"title":"2020/01/01","tradeCount":11,"tradeVolume":60.8,"paymentCount":42,"paymentVolume":32148.476042200004},{"title":"2020/01/01","tradeCount":372,"tradeVolume":615.9735988,"paymentCount":42,"paymentVolume":32148.476042200004},{"title":"2020/01/01","tradeCount":1,"tradeVolume":0.091658,"paymentCount":42,"paymentVolume":32148.476042200004},{"title":"2020/01/01","tradeCount":2,"tradeVolume":9.8901196,"paymentCount":42,"paymentVolume":32148.476042200004},{"title":"2020/01/01","tradeCount":4997,"tradeVolume":2882835.172759,"paymentCount":42,"paymentVolume":32148.476042200004},{"title":"2020/01/01","tradeCount":2,"tradeVolume":1306.052,"paymentCount":42,"paymentVolume":32148.476042200004},{"title":"2020/01/01","tradeCount":5,"tradeVolume":1365379.7656767,"paymentCount":42,"paymentVolume":32148.476042200004},{"title":"2020/01/01","tradeCount":5,"tradeVolume":9000053.847,"paymentCount":42,"paymentVolume":32148.476042200004},{"title":"2020/01/01","tradeCount":361,"tradeVolume":340952.8047963,"paymentCount":42,"paymentVolume":32148.476042200004},{"title":"2020/01/01","tradeCount":8223,"tradeVolume":2029187.2145033,"paymentCount":42,"paymentVolume":32148.476042200004},{"title":"2020/01/01","tradeCount":6205,"tradeVolume":119.044649,"paymentCount":42,"paymentVolume":32148.476042200004},{"title":"2020/01/01","tradeCount":1,"tradeVolume":11,"paymentCount":42,"paymentVolume":32148.476042200004},{"title":"2020/01/01","tradeCount":2,"tradeVolume":0.9659872,"paymentCount":42,"paymentVolume":32148.476042200004},{"title":"2020/01/01","tradeCount":21025,"tradeVolume":53399400.7966534,"paymentCount":42,"paymentVolume":32148.476042200004},{"title":"2020/01/01","tradeCount":3,"tradeVolume":0.9999986,"paymentCount":42,"paymentVolume":32148.476042200004},{"title":"2020/01/01","tradeCount":3,"tradeVolume":48000.4291847,"paymentCount":42,"paymentVolume":32148.476042200004},{"title":"2020/01/01","tradeCount":1,"tradeVolume":0.0000137,"paymentCount":42,"paymentVolume":32148.476042200004},{"title":"2020/01/01","tradeCount":4,"tradeVolume":0.000009,"paymentCount":42,"paymentVolume":32148.476042200004},{"title":"2020/04/01","tradeCount":1,"tradeVolume":0.0000045,"paymentCount":120,"paymentVolume":393030.311431},{"title":"2020/04/01","tradeCount":3,"tradeVolume":1.0094315,"paymentCount":120,"paymentVolume":393030.311431},{"title":"2020/04/01","tradeCount":2601,"tradeVolume":65264.2889688,"paymentCount":120,"paymentVolume":393030.311431},{"title":"2020/04/01","tradeCount":26,"tradeVolume":1629.1822381,"paymentCount":120,"paymentVolume":393030.311431},{"title":"2020/04/01","tradeCount":1,"tradeVolume":0.0360225,"paymentCount":120,"paymentVolume":393030.311431},{"title":"2020/04/01","tradeCount":1419,"tradeVolume":11.7969414,"paymentCount":120,"paymentVolume":393030.311431},{"title":"2020/04/01","tradeCount":3,"tradeVolume":0.00731,"paymentCount":120,"paymentVolume":393030.311431},{"title":"2020/04/01","tradeCount":2,"tradeVolume":0.0640885,"paymentCount":120,"paymentVolume":393030.311431},{"title":"2020/04/01","tradeCount":2,"tradeVolume":1,"paymentCount":120,"paymentVolume":393030.311431},{"title":"2020/04/01","tradeCount":242,"tradeVolume":58827874.4004517,"paymentCount":120,"paymentVolume":393030.311431},{"title":"2020/04/01","tradeCount":1,"tradeVolume":3e-7,"paymentCount":120,"paymentVolume":393030.311431},{"title":"2020/04/01","tradeCount":2246,"tradeVolume":79662.1599501,"paymentCount":120,"paymentVolume":393030.311431},{"title":"2020/04/01","tradeCount":1184,"tradeVolume":260885.7578967,"paymentCount":120,"paymentVolume":393030.311431},{"title":"2020/04/01","tradeCount":3463,"tradeVolume":1413296.940173,"paymentCount":120,"paymentVolume":393030.311431},{"title":"2020/04/01","tradeCount":178,"tradeVolume":2305061.4151935,"paymentCount":120,"paymentVolume":393030.311431},{"title":"2020/07/01","tradeCount":78,"tradeVolume":5688.9201506,"paymentCount":108,"paymentVolume":10578344.4577617},{"title":"2020/07/01","tradeCount":7756,"tradeVolume":3813520.988097,"paymentCount":108,"paymentVolume":10578344.4577617},{"title":"2020/07/01","tradeCount":2372,"tradeVolume":4.5725783,"paymentCount":108,"paymentVolume":10578344.4577617},{"title":"2020/07/01","tradeCount":34,"tradeVolume":42.9196946,"paymentCount":108,"paymentVolume":10578344.4577617},{"title":"2020/07/01","tradeCount":5949,"tradeVolume":354376.9753175,"paymentCount":108,"paymentVolume":10578344.4577617},{"title":"2020/07/01","tradeCount":145,"tradeVolume":54906564.9835108,"paymentCount":108,"paymentVolume":10578344.4577617},{"title":"2020/07/01","tradeCount":1,"tradeVolume":0.9900002,"paymentCount":108,"paymentVolume":10578344.4577617},{"title":"2020/07/01","tradeCount":2254,"tradeVolume":37816.3244974,"paymentCount":108,"paymentVolume":10578344.4577617},{"title":"2020/07/01","tradeCount":80,"tradeVolume":635294.0239512,"paymentCount":108,"paymentVolume":10578344.4577617},{"title":"2020/07/01","tradeCount":16,"tradeVolume":899.9438642,"paymentCount":108,"paymentVolume":10578344.4577617},{"title":"2020/10/01","tradeCount":351,"tradeVolume":73749608.6262429,"paymentCount":891,"paymentVolume":34417673.37142678},{"title":"2020/10/01","tradeCount":9466,"tradeVolume":1996453.3200764,"paymentCount":891,"paymentVolume":34417673.37142678},{"title":"2020/10/01","tradeCount":1644,"tradeVolume":1.7172079,"paymentCount":891,"paymentVolume":34417673.37142678},{"title":"2020/10/01","tradeCount":290,"tradeVolume":1694.0046129,"paymentCount":891,"paymentVolume":34417673.37142678},{"title":"2020/10/01","tradeCount":3997,"tradeVolume":34838.8290055,"paymentCount":891,"paymentVolume":34417673.37142678},{"title":"2020/10/01","tradeCount":9134,"tradeVolume":490756.0768,"paymentCount":891,"paymentVolume":34417673.37142678},{"title":"2020/10/01","tradeCount":3,"tradeVolume":4200.0001981,"paymentCount":891,"paymentVolume":34417673.37142678}]}