{"results":[{"title":"Ledger 16922920","tradeCount":1,"tradeVolume":5000,"paymentCount":0,"paymentVolume":0},{"title":"Ledger 16949355","tradeCount":1,"tradeVolume":110.87995,"paymentCount":0,"paymentVolume":0},{"title":"Ledger 17147509","tradeCount":1,"tradeVolume":9.99992,"paymentCount":0,"paymentVolume":0},{"title":"Ledger 17147598","tradeCount":10,"tradeVolume":54.957062,"paymentCount":0,"paymentVolume":0},{"title":"Ledger 17147855","tradeCount":4,"tradeVolume":5.1623649,"paymentCount":0,"paymentVolume":0},{"title":"Ledger 17147885","tradeCount":1,"tradeVolume":1.3333334,"paymentCount":0,"paymentVolume":0},{"title":"Ledger 17209834","tradeCount":1,"tradeVolume":37.5,"paymentCount":0,"paymentVolume":0},{"title":"Ledger 17224961","tradeCount":1,"tradeVolume":37.9746835,"paymentCount":0,"paymentVolume":0},{"title":"Ledger 17224995","tradeCount":5,"tradeVolume":156.8962619,"paymentCount":0,"paymentVolume":0},{"title":"Ledger 17296501","tradeCount":1,"tradeVolume":7699.99615,"paymentCount":0,"paymentVolume":0},{"title":"Ledger 17372945","tradeCount":7,"tradeVolume":10.9651886,"paymentCount":0,"paymentVolume":0},{"title":"Ledger 17382135","tradeCount":1,"tradeVolume":20.5882352,"paymentCount":0,"paymentVolume":0},{"title":"Ledger 17429216","tradeCount":1,"tradeVolume":100,"paymentCount":0,"paymentVolume":0},{"title":"Ledger 17431161","tradeCount":1,"tradeVolume":25,"paymentCount":0,"paymentVolume":0},{"title":"Ledger 17431208","tradeCount":1,"tradeVolume":54.4117648,"paymentCount":0,"paymentVolume":0},{"title":"Ledger 17506946","tradeCount":2,"tradeVolume":50,"paymentCount":0,"paymentVolume":0},{"title":"Ledger 17623585","tradeCount":1,"tradeVolume":5,"paymentCount":0,"paymentVolume":0},{"title":"Ledger 17623712","tradeCount":1,"tradeVolume":0.019647,"paymentCount":0,"paymentVolume":0},{"title":"Ledger 17646168","tradeCount":1,"tradeVolume":1.50974,"paymentCount":0,"paymentVolume":0},{"title":"Ledger 17682592","tradeCount":1,"tradeVolume":45,"paymentCount":0,"paymentVolume":0},{"title":"Ledger 17683179","tradeCount":1,"tradeVolume":1.3666666,"paymentCount":0,"paymentVolume":0},{"title":"Ledger 17685203","tradeCount":1,"tradeVolume":9.985,"paymentCount":0,"paymentVolume":0},{"title":"Ledger 17692796","tradeCount":1,"tradeVolume":0.0536913,"paymentCount":0,"paymentVolume":0},{"title":"Ledger 17731886","tradeCount":1,"tradeVolume":0.0533333,"paymentCount":0,"paymentVolume":0},{"title":"Ledger 17746615","tradeCount":1,"tradeVolume":1,"paymentCount":0,"paymentVolume":0},{"title":"Ledger 17748116","tradeCount":9,"tradeVolume":2316.2747579,"paymentCount":0,"paymentVolume":0},{"title":"Ledger 17748134","tradeCount":1,"tradeVolume":13.7293233,"paymentCount":0,"paymentVolume":0},{"title":"Ledger 17765646","tradeCount":1,"tradeVolume":1.49026,"paymentCount":0,"paymentVolume":0},{"title":"Ledger 17770653","tradeCount":1,"tradeVolume":13.5800001,"paymentCount":0,"paymentVolume":0},{"title":"Ledger 17770820","tradeCount":1,"tradeVolume":7.3529411,"paymentCount":0,"paymentVolume":0},{"title":"Ledger 17772916","tradeCount":1,"tradeVolume":0.49992,"paymentCount":0,"paymentVolume":0},{"title":"Ledger 17772941","tradeCount":1,"tradeVolume":8.9338235,"paymentCount":0,"paymentVolume":0},{"title":"Ledger 17772948","tradeCount":1,"tradeVolume":2.9337935,"paymentCount":0,"paymentVolume":0},{"title":"Ledger 17779672","tradeCount":1,"tradeVolume":0.9985,"paymentCount":0,"paymentVolume":0},{"title":"Ledger 17780525","tradeCount":1,"tradeVolume":86.2514631,"paymentCount":0,"paymentVolume":0},{"title":"Ledger 17783846","tradeCount":1,"tradeVolume":7.4074074,"paymentCount":0,"paymentVolume":0},{"title":"Ledger 17820030","tradeCount":1,"tradeVolume":15,"paymentCount":0,"paymentVolume":0},{"title":"Ledger 17825812","tradeCount":1,"tradeVolume":21.6216216,"paymentCount":0,"paymentVolume":0},{"title":"Ledger 17828864","tradeCount":1,"tradeVolume":0.9985,"paymentCount":0,"paymentVolume":0},{"title":"Ledger 17851855","tradeCount":1,"tradeVolume":25.99992,"paymentCount":0,"paymentVolume":0},{"title":"Ledger 17855121","tradeCount":1,"tradeVolume":2962.96,"paymentCount":0,"paymentVolume":0},{"title":"Ledger 17866795","tradeCount":1,"tradeVolume":774.4186046,"paymentCount":0,"paymentVolume":0},{"title":"Ledger 17867812","tradeCount":1,"tradeVolume":38.49997,"paymentCount":0,"paymentVolume":0},{"title":"Ledger 17891887","tradeCount":1,"tradeVolume":18.5066519,"paymentCount":0,"paymentVolume":0},{"title":"Ledger 17891895","tradeCount":1,"tradeVolume":1.99999,"paymentCount":0,"paymentVolume":0},{"title":"Ledger 17892060","tradeCount":1,"tradeVolume":19.8658094,"paymentCount":0,"paymentVolume":0},{"title":"Ledger 17895471","tradeCount":1,"tradeVolume":1.8799882,"paymentCount":0,"paymentVolume":0},{"title":"Ledger 17897218","tradeCount":1,"tradeVolume":740.625,"paymentCount":0,"paymentVolume":0},{"title":"Ledger 17904580","tradeCount":1,"tradeVolume":30,"paymentCount":0,"paymentVolume":0},{"title":"Ledger 17904595","tradeCount":1,"tradeVolume":26.6166391,"paymentCount":0,"paymentVolume":0},{"title":"Ledger 17904917","tradeCount":1,"tradeVolume":1,"paymentCount":0,"paymentVolume":0},{"title":"Ledger 17907001","tradeCount":1,"tradeVolume":28.6271186,"paymentCount":0,"paymentVolume":0},{"title":"Ledger 17935563","tradeCount":1,"tradeVolume":100,"paymentCount":0,"paymentVolume":0},{"title":"Ledger 17939295","tradeCount":1,"tradeVolume":45,"paymentCount":0,"paymentVolume":0},{"title":"Ledger 17947563","tradeCount":1,"tradeVolume":0.0009649,"paymentCount":0,"paymentVolume":0},{"title":"Ledger 17947571","tradeCount":1,"tradeVolume":0.0009395,"paymentCount":0,"paymentVolume":0},{"title":"Ledger 17949964","tradeCount":1,"tradeVolume":15,"paymentCount":0,"paymentVolume":0},{"title":"Ledger 17949967","tradeCount":1,"tradeVolume":1.3912315,"paymentCount":0,"paymentVolume":0},{"title":"Ledger 17950013","tradeCount":1,"tradeVolume":15.9598833,"paymentCount":0,"paymentVolume":0},{"title":"Ledger 17970164","tradeCount":1,"tradeVolume":43.4782608,"paymentCount":0,"paymentVolume":0},{"title":"Ledger 17972909","tradeCount":1,"tradeVolume":89.865,"paymentCount":0,"paymentVolume":0},{"title":"Ledger 17972914","tradeCount":1,"tradeVolume":0.5565217,"paymentCount":0,"paymentVolume":0},{"title":"Ledger 17972919","tradeCount":1,"tradeVolume":0.9985,"paymentCount":0,"paymentVolume":0},{"title":"Ledger 17972940","tradeCount":1,"tradeVolume":0.9985,"paymentCount":0,"paymentVolume":0},{"title":"Ledger 17975591","tradeCount":1,"tradeVolume":19.97,"paymentCount":0,"paymentVolume":0},{"title":"Ledger 17976614","tradeCount":1,"tradeVolume":1,"paymentCount":0,"paymentVolume":0},{"title":"Ledger 17989663","tradeCount":1,"tradeVolume":9.985,"paymentCount":0,"paymentVolume":0},{"title":"Ledger 17989687","tradeCount":1,"tradeVolume":21.967,"paymentCount":0,"paymentVolume":0},{"title":"Ledger 17989696","tradeCount":1,"tradeVolume":52.9406779,"paymentCount":0,"paymentVolume":0},{"title":"Ledger 17989700","tradeCount":1,"tradeVolume":2.9955,"paymentCount":0,"paymentVolume":0},{"title":"Ledger 17990019","tradeCount":1,"tradeVolume":43.806038,"paymentCount":0,"paymentVolume":0},{"title":"Ledger 17990248","tradeCount":1,"tradeVolume":2.9237288,"paymentCount":0,"paymentVolume":0},{"title":"Ledger 17990455","tradeCount":1,"tradeVolume":1.997,"paymentCount":0,"paymentVolume":0},{"title":"Ledger 17990535","tradeCount":1,"tradeVolume":45.4173913,"paymentCount":0,"paymentVolume":0},{"title":"Ledger 17990540","tradeCount":1,"tradeVolume":0.9985,"paymentCount":0,"paymentVolume":0},{"title":"Ledger 17990588","tradeCount":1,"tradeVolume":0.9985,"paymentCount":0,"paymentVolume":0},{"title":"Ledger 17992838","tradeCount":1,"tradeVolume":0.9985,"paymentCount":0,"paymentVolume":0},{"title":"Ledger 17999666","tradeCount":1,"tradeVolume":5,"paymentCount":0,"paymentVolume":0},{"title":"Ledger 17999791","tradeCount":1,"tradeVolume":10,"paymentCount":0,"paymentVolume":0},{"title":"Ledger 18003291","tradeCount":1,"tradeVolume":34.2105263,"paymentCount":0,"paymentVolume":0},{"title":"Ledger 18003600","tradeCount":1,"tradeVolume":767.9532431,"paymentCount":0,"paymentVolume":0},{"title":"Ledger 18006622","tradeCount":1,"tradeVolume":2.9473684,"paymentCount":0,"paymentVolume":0},{"title":"Ledger 18024287","tradeCount":1,"tradeVolume":87.4675436,"paymentCount":0,"paymentVolume":0},{"title":"Ledger 18041466","tradeCount":1,"tradeVolume":24.7524752,"paymentCount":0,"paymentVolume":0},{"title":"Ledger 18048491","tradeCount":1,"tradeVolume":35.49997,"paymentCount":0,"paymentVolume":0},{"title":"Ledger 18048535","tradeCount":1,"tradeVolume":34.4952538,"paymentCount":0,"paymentVolume":0},{"title":"Ledger 18053165","tradeCount":1,"tradeVolume":0.9985,"paymentCount":0,"paymentVolume":0},{"title":"Ledger 18054642","tradeCount":1,"tradeVolume":0.9985,"paymentCount":0,"paymentVolume":0},{"title":"Ledger 18054740","tradeCount":1,"tradeVolume":4.9925,"paymentCount":0,"paymentVolume":0},{"title":"Ledger 18094738","tradeCount":1,"tradeVolume":380,"paymentCount":0,"paymentVolume":0},{"title":"Ledger 18131383","tradeCount":1,"tradeVolume":6.94592,"paymentCount":0,"paymentVolume":0},{"title":"Ledger 18138360","tradeCount":1,"tradeVolume":344.72187,"paymentCount":0,"paymentVolume":0},{"title":"Ledger 18139833","tradeCount":1,"tradeVolume":49.2531301,"paymentCount":0,"paymentVolume":0},{"title":"Ledger 18156227","tradeCount":1,"tradeVolume":46.3840157,"paymentCount":0,"paymentVolume":0},{"title":"Ledger 18157156","tradeCount":1,"tradeVolume":588.66896,"paymentCount":0,"paymentVolume":0},{"title":"Ledger 18177404","tradeCount":1,"tradeVolume":9.985,"paymentCount":0,"paymentVolume":0},{"title":"Ledger 18177477","tradeCount":1,"tradeVolume":4.9925,"paymentCount":0,"paymentVolume":0},{"title":"Ledger 18183540","tradeCount":1,"tradeVolume":24.96298,"paymentCount":0,"paymentVolume":0},{"title":"Ledger 18192123","tradeCount":1,"tradeVolume":7.0588235,"paymentCount":0,"paymentVolume":0},{"title":"Ledger 18199295","tradeCount":1,"tradeVolume":184.2592592,"paymentCount":0,"paymentVolume":0},{"title":"Ledger 19652620","tradeCount":0,"tradeVolume":0,"paymentCount":1,"paymentVolume":10000},{"title":"Ledger 19666187","tradeCount":0,"tradeVolume":0,"paymentCount":1,"paymentVolume":3500},{"title":"Ledger 19721147","tradeCount":0,"tradeVolume":0,"paymentCount":1,"paymentVolume":178999.9964197},{"title":"Ledger 19749202","tradeCount":0,"tradeVolume":0,"paymentCount":1,"paymentVolume":20000},{"title":"Ledger 19801579","tradeCount":0,"tradeVolume":0,"paymentCount":1,"paymentVolume":200},{"title":"Ledger 19801640","tradeCount":0,"tradeVolume":0,"paymentCount":1,"paymentVolume":10000},{"title":"Ledger 19957637","tradeCount":0,"tradeVolume":0,"paymentCount":1,"paymentVolume":904.7394366},{"title":"Ledger 19966434","tradeCount":0,"tradeVolume":0,"paymentCount":1,"paymentVolume":9361.0757575},{"title":"Ledger 19966747","tradeCount":0,"tradeVolume":0,"paymentCount":1,"paymentVolume":3598.3609022},{"title":"Ledger 19966786","tradeCount":0,"tradeVolume":0,"paymentCount":1,"paymentVolume":3335.5522388},{"title":"Ledger 20154496","tradeCount":0,"tradeVolume":0,"paymentCount":1,"paymentVolume":0.1759149},{"title":"Ledger 20154961","tradeCount":0,"tradeVolume":0,"paymentCount":1,"paymentVolume":0.1440235},{"title":"Ledger 20178849","tradeCount":0,"tradeVolume":0,"paymentCount":1,"paymentVolume":0.00087},{"title":"Ledger 20182792","tradeCount":0,"tradeVolume":0,"paymentCount":1,"paymentVolume":0.85894},{"title":"Ledger 20184531","tradeCount":0,"tradeVolume":0,"paymentCount":1,"paymentVolume":0.22471},{"title":"Ledger 20185456","tradeCount":0,"tradeVolume":0,"paymentCount":1,"paymentVolume":0.00075},{"title":"Ledger 20195224","tradeCount":0,"tradeVolume":0,"paymentCount":1,"paymentVolume":0.00089},{"title":"Ledger 20304132","tradeCount":0,"tradeVolume":0,"paymentCount":1,"paymentVolume":0.31},{"title":"Ledger 20304167","tradeCount":0,"tradeVolume":0,"paymentCount":1,"paymentVolume":0.63},{"title":"Ledger 20304214","tradeCount":0,"tradeVolume":0,"paymentCount":1,"paymentVolume":0.83},{"title":"Ledger 20304298","tradeCount":0,"tradeVolume":0,"paymentCount":1,"paymentVolume":0.28},{"title":"Ledger 20304365","tradeCount":0,"tradeVolume":0,"paymentCount":1,"paymentVolume":0.67},{"title":"Ledger 20304386","tradeCount":0,"tradeVolume":0,"paymentCount":1,"paymentVolume":0.34},{"title":"Ledger 20304474","tradeCount":0,"tradeVolume":0,"paymentCount":1,"paymentVolume":0.63},{"title":"Ledger 20304509","tradeCount":0,"tradeVolume":0,"paymentCount":1,"paymentVolume":0.5},{"title":"Ledger 20304537","tradeCount":0,"tradeVolume":0,"paymentCount":1,"paymentVolume":0.87},{"title":"Ledger 20304578","tradeCount":0,"tradeVolume":0,"paymentCount":1,"paymentVolume":0.32},{"title":"Ledger 20304634","tradeCount":0,"tradeVolume":0,"paymentCount":1,"paymentVolume":0.35},{"title":"Ledger 20304662","tradeCount":0,"tradeVolume":0,"paymentCount":1,"paymentVolume":0.47},{"title":"Ledger 20304724","tradeCount":0,"tradeVolume":0,"paymentCount":1,"paymentVolume":0.15},{"title":"Ledger 20304764","tradeCount":0,"tradeVolume":0,"paymentCount":1,"paymentVolume":0.35},{"title":"Ledger 20304792","tradeCount":0,"tradeVolume":0,"paymentCount":1,"paymentVolume":0.75},{"title":"Ledger 20304851","tradeCount":0,"tradeVolume":0,"paymentCount":1,"paymentVolume":0.22},{"title":"Ledger 20304858","tradeCount":0,"tradeVolume":0,"paymentCount":1,"paymentVolume":0.15},{"title":"Ledger 20304878","tradeCount":0,"tradeVolume":0,"paymentCount":1,"paymentVolume":0.82},{"title":"Ledger 20304903","tradeCount":0,"tradeVolume":0,"paymentCount":1,"paymentVolume":0.46},{"title":"Ledger 20304950","tradeCount":0,"tradeVolume":0,"paymentCount":1,"paymentVolume":0.76},{"title":"Ledger 20304981","tradeCount":0,"tradeVolume":0,"paymentCount":1,"paymentVolume":0.23},{"title":"Ledger 20304994","tradeCount":0,"tradeVolume":0,"paymentCount":1,"paymentVolume":0.61},{"title":"Ledger 20305033","tradeCount":0,"tradeVolume":0,"paymentCount":1,"paymentVolume":0.46},{"title":"Ledger 20305116","tradeCount":0,"tradeVolume":0,"paymentCount":1,"paymentVolume":0.22},{"title":"Ledger 20305285","tradeCount":0,"tradeVolume":0,"paymentCount":1,"paymentVolume":0.33},{"title":"Ledger 20305395","tradeCount":0,"tradeVolume":0,"paymentCount":1,"paymentVolume":0.69},{"title":"Ledger 20305413","tradeCount":0,"tradeVolume":0,"paymentCount":1,"paymentVolume":0.32},{"title":"Ledger 20305468","tradeCount":0,"tradeVolume":0,"paymentCount":1,"paymentVolume":0.56},{"title":"Ledger 20305714","tradeCount":0,"tradeVolume":0,"paymentCount":1,"paymentVolume":0.63},{"title":"Ledger 20305786","tradeCount":0,"tradeVolume":0,"paymentCount":1,"paymentVolume":0.73},{"title":"Ledger 20305970","tradeCount":0,"tradeVolume":0,"paymentCount":1,"paymentVolume":0.54},{"title":"Ledger 20306024","tradeCount":0,"tradeVolume":0,"paymentCount":1,"paymentVolume":0.36},{"title":"Ledger 20306253","tradeCount":0,"tradeVolume":0,"paymentCount":1,"paymentVolume":0.33},{"title":"Ledger 20306341","tradeCount":0,"tradeVolume":0,"paymentCount":1,"paymentVolume":0.19},{"title":"Ledger 20306645","tradeCount":0,"tradeVolume":0,"paymentCount":1,"paymentVolume":0.33},{"title":"Ledger 20306822","tradeCount":0,"tradeVolume":0,"paymentCount":1,"paymentVolume":0.79},{"title":"Ledger 20307021","tradeCount":0,"tradeVolume":0,"paymentCount":1,"paymentVolume":0.43},{"title":"Ledger 20307099","tradeCount":0,"tradeVolume":0,"paymentCount":1,"paymentVolume":0.78},{"title":"Ledger 20307473","tradeCount":0,"tradeVolume":0,"paymentCount":1,"paymentVolume":0.24},{"title":"Ledger 20362186","tradeCount":0,"tradeVolume":0,"paymentCount":1,"paymentVolume":0.85},{"title":"Ledger 20388537","tradeCount":0,"tradeVolume":0,"paymentCount":1,"paymentVolume":0.04},{"title":"Ledger 20388538","tradeCount":0,"tradeVolume":0,"paymentCount":1,"paymentVolume":0.35},{"title":"Ledger 20402817","tradeCount":0,"tradeVolume":0,"paymentCount":1,"paymentVolume":0.66},{"title":"Ledger 20404537","tradeCount":0,"tradeVolume":0,"paymentCount":1,"paymentVolume":1.4},{"title":"Ledger 20404882","tradeCount":0,"tradeVolume":0,"paymentCount":1,"paymentVolume":1.2},{"title":"Ledger 20405566","tradeCount":0,"tradeVolume":0,"paymentCount":1,"paymentVolume":1.29},{"title":"Ledger 20405783","tradeCount":0,"tradeVolume":0,"paymentCount":1,"paymentVolume":1.59},{"title":"Ledger 20405938","tradeCount":0,"tradeVolume":0,"paymentCount":1,"paymentVolume":1.61},{"title":"Ledger 20406133","tradeCount":0,"tradeVolume":0,"paymentCount":1,"paymentVolume":1.4},{"title":"Ledger 20406439","tradeCount":0,"tradeVolume":0,"paymentCount":1,"paymentVolume":0.94},{"title":"Ledger 20406479","tradeCount":0,"tradeVolume":0,"paymentCount":1,"paymentVolume":1.04099},{"title":"Ledger 20410100","tradeCount":0,"tradeVolume":0,"paymentCount":1,"paymentVolume":1.24032},{"title":"Ledger 20410456","tradeCount":0,"tradeVolume":0,"paymentCount":1,"paymentVolume":0.05},{"title":"Ledger 20417850","tradeCount":0,"tradeVolume":0,"paymentCount":1,"paymentVolume":0.89},{"title":"Ledger 20417879","tradeCount":0,"tradeVolume":0,"paymentCount":1,"paymentVolume":1.55},{"title":"Ledger 20421405","tradeCount":0,"tradeVolume":0,"paymentCount":1,"paymentVolume":1.16},{"title":"Ledger 20435650","tradeCount":0,"tradeVolume":0,"paymentCount":1,"paymentVolume":0.8},{"title":"Ledger 20443655","tradeCount":0,"tradeVolume":0,"paymentCount":1,"paymentVolume":1.3},{"title":"Ledger 20467148","tradeCount":0,"tradeVolume":0,"paymentCount":1,"paymentVolume":1.34},{"title":"Ledger 20467323","tradeCount":0,"tradeVolume":0,"paymentCount":1,"paymentVolume":0.76},{"title":"Ledger 20467429","tradeCount":0,"tradeVolume":0,"paymentCount":1,"paymentVolume":0.97},{"title":"Ledger 20487621","tradeCount":0,"tradeVolume":0,"paymentCount":1,"paymentVolume":0.13923},{"title":"Ledger 20488350","tradeCount":0,"tradeVolume":0,"paymentCount":1,"paymentVolume":1.03},{"title":"Ledger 20488822","tradeCount":0,"tradeVolume":0,"paymentCount":1,"paymentVolume":1.54},{"title":"Ledger 20488975","tradeCount":0,"tradeVolume":0,"paymentCount":1,"paymentVolume":0.57},{"title":"Ledger 20489216","tradeCount":0,"tradeVolume":0,"paymentCount":1,"paymentVolume":1.14},{"title":"Ledger 20489295","tradeCount":0,"tradeVolume":0,"paymentCount":1,"paymentVolume":1},{"title":"Ledger 20489339","tradeCount":0,"tradeVolume":0,"paymentCount":1,"paymentVolume":0.61},{"title":"Ledger 20489488","tradeCount":0,"tradeVolume":0,"paymentCount":1,"paymentVolume":0.91},{"title":"Ledger 20489534","tradeCount":0,"tradeVolume":0,"paymentCount":1,"paymentVolume":1.31},{"title":"Ledger 20489542","tradeCount":0,"tradeVolume":0,"paymentCount":1,"paymentVolume":0.84},{"title":"Ledger 20489768","tradeCount":0,"tradeVolume":0,"paymentCount":1,"paymentVolume":0.85},{"title":"Ledger 20489794","tradeCount":0,"tradeVolume":0,"paymentCount":1,"paymentVolume":1.09},{"title":"Ledger 20491456","tradeCount":0,"tradeVolume":0,"paymentCount":1,"paymentVolume":1.43},{"title":"Ledger 20492230","tradeCount":0,"tradeVolume":0,"paymentCount":1,"paymentVolume":1.14},{"title":"Ledger 20492472","tradeCount":0,"tradeVolume":0,"paymentCount":1,"paymentVolume":1.46},{"title":"Ledger 20492486","tradeCount":0,"tradeVolume":0,"paymentCount":1,"paymentVolume":1.08},{"title":"Ledger 20492493","tradeCount":0,"tradeVolume":0,"paymentCount":1,"paymentVolume":0.55},{"title":"Ledger 20492579","tradeCount":0,"tradeVolume":0,"paymentCount":1,"paymentVolume":1.42},{"title":"Ledger 20492609","tradeCount":0,"tradeVolume":0,"paymentCount":1,"paymentVolume":1.03},{"title":"Ledger 20492643","tradeCount":0,"tradeVolume":0,"paymentCount":1,"paymentVolume":0.74},{"title":"Ledger 20492701","tradeCount":0,"tradeVolume":0,"paymentCount":1,"paymentVolume":0.52},{"title":"Ledger 20492937","tradeCount":0,"tradeVolume":0,"paymentCount":1,"paymentVolume":1.48}]}