{"results":[{"title":"2018/08/05","tradeCount":0,"tradeVolume":0,"paymentCount":2,"paymentVolume":8344.90643},{"title":"2019/10/13","tradeCount":15,"tradeVolume":157147.3786738,"paymentCount":0,"paymentVolume":0},{"title":"2019/10/20","tradeCount":228,"tradeVolume":1097492.1054657,"paymentCount":1,"paymentVolume":39177.6188391},{"title":"2019/10/27","tradeCount":98,"tradeVolume":1310295.5427385,"paymentCount":0,"paymentVolume":0},{"title":"2019/11/03","tradeCount":271,"tradeVolume":3227871.1630313,"paymentCount":0,"paymentVolume":0},{"title":"2019/11/10","tradeCount":402,"tradeVolume":5487141.3813907,"paymentCount":0,"paymentVolume":0},{"title":"2019/11/17","tradeCount":450,"tradeVolume":6614015.8458132,"paymentCount":0,"paymentVolume":0},{"title":"2019/12/01","tradeCount":22,"tradeVolume":272970.2641769,"paymentCount":0,"paymentVolume":0},{"title":"2019/12/08","tradeCount":32,"tradeVolume":454262.0018787,"paymentCount":0,"paymentVolume":0},{"title":"2019/12/15","tradeCount":129,"tradeVolume":1233237.2374089,"paymentCount":0,"paymentVolume":0},{"title":"2019/12/22","tradeCount":169,"tradeVolume":1849437.2034093,"paymentCount":0,"paymentVolume":0},{"title":"2019/12/29","tradeCount":206,"tradeVolume":621689.2310406,"paymentCount":0,"paymentVolume":0},{"title":"2020/01/05","tradeCount":263,"tradeVolume":1343011.4969924,"paymentCount":0,"paymentVolume":0},{"title":"2020/01/12","tradeCount":649,"tradeVolume":7070173.4616078,"paymentCount":0,"paymentVolume":0},{"title":"2020/01/19","tradeCount":153,"tradeVolume":2637517.9545017,"paymentCount":2,"paymentVolume":127.60918319999999},{"title":"2020/01/26","tradeCount":259,"tradeVolume":19821984.7865367,"paymentCount":0,"paymentVolume":0},{"title":"2020/02/02","tradeCount":379,"tradeVolume":16822359.0134775,"paymentCount":0,"paymentVolume":0},{"title":"2020/02/09","tradeCount":357,"tradeVolume":5773848.5030434,"paymentCount":1,"paymentVolume":179.9999656},{"title":"2020/02/16","tradeCount":124,"tradeVolume":5080396.700587,"paymentCount":0,"paymentVolume":0},{"title":"2020/02/23","tradeCount":55,"tradeVolume":3923130.4125191,"paymentCount":0,"paymentVolume":0},{"title":"2020/03/01","tradeCount":73,"tradeVolume":3887454.6236635,"paymentCount":0,"paymentVolume":0},{"title":"2020/03/08","tradeCount":672,"tradeVolume":23905241.6312168,"paymentCount":0,"paymentVolume":0},{"title":"2020/03/15","tradeCount":712,"tradeVolume":45450274.4277661,"paymentCount":0,"paymentVolume":0},{"title":"2020/03/22","tradeCount":239,"tradeVolume":29932806.0604744,"paymentCount":0,"paymentVolume":0},{"title":"2020/03/29","tradeCount":23,"tradeVolume":1211949.0951856,"paymentCount":0,"paymentVolume":0},{"title":"2020/04/05","tradeCount":138,"tradeVolume":3608099.0796667,"paymentCount":0,"paymentVolume":0},{"title":"2020/04/12","tradeCount":51,"tradeVolume":1102416.3371189,"paymentCount":0,"paymentVolume":0},{"title":"2020/04/19","tradeCount":538,"tradeVolume":4204432.8722987,"paymentCount":0,"paymentVolume":0},{"title":"2020/04/26","tradeCount":182,"tradeVolume":3318023.7784837,"paymentCount":0,"paymentVolume":0},{"title":"2020/05/03","tradeCount":40,"tradeVolume":872279.5933024,"paymentCount":0,"paymentVolume":0},{"title":"2020/05/10","tradeCount":73,"tradeVolume":2468052.8107776,"paymentCount":0,"paymentVolume":0},{"title":"2020/05/17","tradeCount":51,"tradeVolume":1130249.7775004,"paymentCount":0,"paymentVolume":0},{"title":"2020/05/24","tradeCount":278,"tradeVolume":3667206.6829622,"paymentCount":0,"paymentVolume":0},{"title":"2020/05/31","tradeCount":371,"tradeVolume":3357865.6224601,"paymentCount":0,"paymentVolume":0},{"title":"2020/06/07","tradeCount":692,"tradeVolume":2982606.2027129,"paymentCount":0,"paymentVolume":0},{"title":"2020/06/14","tradeCount":51,"tradeVolume":1037782.4841513,"paymentCount":0,"paymentVolume":0},{"title":"2020/06/21","tradeCount":95,"tradeVolume":1155536.2724634,"paymentCount":0,"paymentVolume":0},{"title":"2020/06/28","tradeCount":108,"tradeVolume":2371217.6465981,"paymentCount":0,"paymentVolume":0},{"title":"2020/07/05","tradeCount":113,"tradeVolume":2670113.2141693,"paymentCount":0,"paymentVolume":0},{"title":"2020/07/12","tradeCount":503,"tradeVolume":10167296.5985605,"paymentCount":0,"paymentVolume":0},{"title":"2020/07/19","tradeCount":81,"tradeVolume":2464986.8130505,"paymentCount":0,"paymentVolume":0},{"title":"2020/07/26","tradeCount":162,"tradeVolume":3625979.25977,"paymentCount":0,"paymentVolume":0},{"title":"2020/08/02","tradeCount":248,"tradeVolume":8852561.4089846,"paymentCount":0,"paymentVolume":0},{"title":"2020/08/09","tradeCount":624,"tradeVolume":24692702.3676581,"paymentCount":0,"paymentVolume":0},{"title":"2020/08/16","tradeCount":539,"tradeVolume":18639948.0367841,"paymentCount":0,"paymentVolume":0},{"title":"2020/08/23","tradeCount":1009,"tradeVolume":9636950.6292545,"paymentCount":0,"paymentVolume":0},{"title":"2020/08/30","tradeCount":715,"tradeVolume":19425545.217994,"paymentCount":0,"paymentVolume":0},{"title":"2020/09/06","tradeCount":621,"tradeVolume":28389069.3259917,"paymentCount":0,"paymentVolume":0},{"title":"2020/09/13","tradeCount":550,"tradeVolume":31164005.8186139,"paymentCount":0,"paymentVolume":0},{"title":"2020/09/20","tradeCount":503,"tradeVolume":23109460.7849763,"paymentCount":0,"paymentVolume":0},{"title":"2020/09/27","tradeCount":378,"tradeVolume":10333558.7654476,"paymentCount":0,"paymentVolume":0},{"title":"2020/10/04","tradeCount":495,"tradeVolume":28151466.6892177,"paymentCount":0,"paymentVolume":0},{"title":"2020/10/11","tradeCount":492,"tradeVolume":23995367.1885062,"paymentCount":0,"paymentVolume":0},{"title":"2020/10/18","tradeCount":1232,"tradeVolume":42385024.2159478,"paymentCount":0,"paymentVolume":0},{"title":"2020/10/25","tradeCount":626,"tradeVolume":20729402.4170041,"paymentCount":0,"paymentVolume":0},{"title":"2020/11/01","tradeCount":219,"tradeVolume":22108432.2257051,"paymentCount":0,"paymentVolume":0},{"title":"2020/11/08","tradeCount":245,"tradeVolume":23462642.5915601,"paymentCount":2,"paymentVolume":0.48058999999999996},{"title":"2020/11/15","tradeCount":577,"tradeVolume":19199714.7585311,"paymentCount":0,"paymentVolume":0},{"title":"2020/11/22","tradeCount":1060,"tradeVolume":27782655.9029048,"paymentCount":0,"paymentVolume":0},{"title":"2020/11/29","tradeCount":3022,"tradeVolume":33806297.9456273,"paymentCount":0,"paymentVolume":0},{"title":"2020/12/06","tradeCount":980,"tradeVolume":27342582.3789691,"paymentCount":0,"paymentVolume":0}]}