{"results":[{"title":"2018/01/01","sourceSum":8344.90643,"destinationSum":20},{"title":"2019/01/01","sourceSum":39177.6188391,"destinationSum":100},{"title":"2020/01/01","sourceSum":308.08973879999996,"destinationSum":0.7613371}]}