{"results":[{"title":"2018/07/01","sourceSum":8344.90643,"destinationSum":20},{"title":"2019/10/01","sourceSum":39177.6188391,"destinationSum":100},{"title":"2020/01/01","sourceSum":307.6091488,"destinationSum":0.760494},{"title":"2020/10/01","sourceSum":0.48058999999999996,"destinationSum":0.0008431000000000001}]}