{"results":[{"title":"Ledger 19351048","sourceSum":4199.372268,"destinationSum":10},{"title":"Ledger 19351090","sourceSum":4145.534162,"destinationSum":10},{"title":"Ledger 26446561","sourceSum":39177.6188391,"destinationSum":100},{"title":"Ledger 27837105","sourceSum":113.4797988,"destinationSum":0.2686194},{"title":"Ledger 27839022","sourceSum":14.1293844,"destinationSum":0.0333948},{"title":"Ledger 28229244","sourceSum":179.9999656,"destinationSum":0.4584798},{"title":"Ledger 32513940","sourceSum":0.00059,"destinationSum":0.000001},{"title":"Ledger 32586075","sourceSum":0.48,"destinationSum":0.0008421}]}