{"results":[{"title":"2018/08/01","tradeCount":0,"tradeVolume":0,"paymentCount":2,"paymentVolume":8344.90643},{"title":"2019/10/01","tradeCount":310,"tradeVolume":2120496.4167392,"paymentCount":1,"paymentVolume":39177.6188391},{"title":"2019/11/01","tradeCount":1154,"tradeVolume":15773467.000374,"paymentCount":0,"paymentVolume":0},{"title":"2019/12/01","tradeCount":454,"tradeVolume":4115867.278435,"paymentCount":0,"paymentVolume":0},{"title":"2020/01/01","tradeCount":1407,"tradeVolume":30185847.1476575,"paymentCount":2,"paymentVolume":127.60918319999999},{"title":"2020/02/01","tradeCount":936,"tradeVolume":32602303.8410875,"paymentCount":1,"paymentVolume":179.9999656},{"title":"2020/03/01","tradeCount":1697,"tradeVolume":103208939.6848956,"paymentCount":0,"paymentVolume":0},{"title":"2020/04/01","tradeCount":828,"tradeVolume":13064666.8714733,"paymentCount":0,"paymentVolume":0},{"title":"2020/05/01","tradeCount":545,"tradeVolume":8484880.2140481,"paymentCount":0,"paymentVolume":0},{"title":"2020/06/01","tradeCount":1228,"tradeVolume":8969327.2458572,"paymentCount":0,"paymentVolume":0},{"title":"2020/07/01","tradeCount":926,"tradeVolume":20498321.3144978,"paymentCount":0,"paymentVolume":0},{"title":"2020/08/01","tradeCount":2758,"tradeVolume":67187186.2083654,"paymentCount":0,"paymentVolume":0},{"title":"2020/09/01","tradeCount":2265,"tradeVolume":103393012.2221868,"paymentCount":0,"paymentVolume":0},{"title":"2020/10/01","tradeCount":3031,"tradeVolume":119290599.9894095,"paymentCount":0,"paymentVolume":0},{"title":"2020/11/01","tradeCount":2317,"tradeVolume":94197802.6498803,"paymentCount":2,"paymentVolume":0.48058999999999996},{"title":"2020/12/01","tradeCount":3786,"tradeVolume":59504523.1534172,"paymentCount":0,"paymentVolume":0}]}