{"results":[{"title":"2018/08/08","tradeCount":0,"tradeVolume":0,"paymentCount":2,"paymentVolume":8344.90643},{"title":"2019/10/18","tradeCount":9,"tradeVolume":119546.5218669,"paymentCount":0,"paymentVolume":0},{"title":"2019/10/19","tradeCount":6,"tradeVolume":37600.8568069,"paymentCount":0,"paymentVolume":0},{"title":"2019/10/20","tradeCount":25,"tradeVolume":68310.0502538,"paymentCount":0,"paymentVolume":0},{"title":"2019/10/22","tradeCount":6,"tradeVolume":4118.5200749,"paymentCount":0,"paymentVolume":0},{"title":"2019/10/23","tradeCount":40,"tradeVolume":355827.7262515,"paymentCount":1,"paymentVolume":39177.6188391},{"title":"2019/10/25","tradeCount":78,"tradeVolume":387273.4513231,"paymentCount":0,"paymentVolume":0},{"title":"2019/10/26","tradeCount":79,"tradeVolume":281962.3575624,"paymentCount":0,"paymentVolume":0},{"title":"2019/10/27","tradeCount":5,"tradeVolume":16023.5068381,"paymentCount":0,"paymentVolume":0},{"title":"2019/10/28","tradeCount":7,"tradeVolume":49563.5846271,"paymentCount":0,"paymentVolume":0},{"title":"2019/10/29","tradeCount":7,"tradeVolume":122040.1525093,"paymentCount":0,"paymentVolume":0},{"title":"2019/10/30","tradeCount":47,"tradeVolume":675525.1374952,"paymentCount":0,"paymentVolume":0},{"title":"2019/10/31","tradeCount":1,"tradeVolume":2704.55113,"paymentCount":0,"paymentVolume":0},{"title":"2019/11/01","tradeCount":26,"tradeVolume":380745.2819607,"paymentCount":0,"paymentVolume":0},{"title":"2019/11/02","tradeCount":5,"tradeVolume":63693.3281781,"paymentCount":0,"paymentVolume":0},{"title":"2019/11/04","tradeCount":14,"tradeVolume":255939.5836779,"paymentCount":0,"paymentVolume":0},{"title":"2019/11/05","tradeCount":53,"tradeVolume":812472.7032871,"paymentCount":0,"paymentVolume":0},{"title":"2019/11/06","tradeCount":73,"tradeVolume":712407.3999471,"paymentCount":0,"paymentVolume":0},{"title":"2019/11/07","tradeCount":45,"tradeVolume":505022.8373816,"paymentCount":0,"paymentVolume":0},{"title":"2019/11/08","tradeCount":63,"tradeVolume":630041.4106633,"paymentCount":0,"paymentVolume":0},{"title":"2019/11/09","tradeCount":23,"tradeVolume":311987.2280743,"paymentCount":0,"paymentVolume":0},{"title":"2019/11/10","tradeCount":91,"tradeVolume":1144688.7116051,"paymentCount":0,"paymentVolume":0},{"title":"2019/11/11","tradeCount":71,"tradeVolume":1120237.5185627,"paymentCount":0,"paymentVolume":0},{"title":"2019/11/12","tradeCount":97,"tradeVolume":1224977.9248421,"paymentCount":0,"paymentVolume":0},{"title":"2019/11/13","tradeCount":17,"tradeVolume":450257.4852609,"paymentCount":0,"paymentVolume":0},{"title":"2019/11/14","tradeCount":7,"tradeVolume":118388.5135868,"paymentCount":0,"paymentVolume":0},{"title":"2019/11/15","tradeCount":74,"tradeVolume":868003.2233878,"paymentCount":0,"paymentVolume":0},{"title":"2019/11/16","tradeCount":45,"tradeVolume":560588.0041453,"paymentCount":0,"paymentVolume":0},{"title":"2019/11/17","tradeCount":186,"tradeVolume":3016435.201722,"paymentCount":0,"paymentVolume":0},{"title":"2019/11/18","tradeCount":121,"tradeVolume":1891687.249224,"paymentCount":0,"paymentVolume":0},{"title":"2019/11/19","tradeCount":31,"tradeVolume":347967.8235218,"paymentCount":0,"paymentVolume":0},{"title":"2019/11/20","tradeCount":12,"tradeVolume":264634.5022598,"paymentCount":0,"paymentVolume":0},{"title":"2019/11/21","tradeCount":100,"tradeVolume":1093291.0690856,"paymentCount":0,"paymentVolume":0},{"title":"2019/12/05","tradeCount":11,"tradeVolume":134719.8072829,"paymentCount":0,"paymentVolume":0},{"title":"2019/12/06","tradeCount":11,"tradeVolume":138250.456894,"paymentCount":0,"paymentVolume":0},{"title":"2019/12/09","tradeCount":7,"tradeVolume":67110.409418,"paymentCount":0,"paymentVolume":0},{"title":"2019/12/10","tradeCount":2,"tradeVolume":25825.4217882,"paymentCount":0,"paymentVolume":0},{"title":"2019/12/11","tradeCount":4,"tradeVolume":71265.3737921,"paymentCount":0,"paymentVolume":0},{"title":"2019/12/12","tradeCount":9,"tradeVolume":140488.3159165,"paymentCount":0,"paymentVolume":0},{"title":"2019/12/13","tradeCount":6,"tradeVolume":77489.5487769,"paymentCount":0,"paymentVolume":0},{"title":"2019/12/14","tradeCount":4,"tradeVolume":72082.932187,"paymentCount":0,"paymentVolume":0},{"title":"2019/12/15","tradeCount":1,"tradeVolume":38436.6944101,"paymentCount":0,"paymentVolume":0},{"title":"2019/12/16","tradeCount":18,"tradeVolume":157499.7234952,"paymentCount":0,"paymentVolume":0},{"title":"2019/12/17","tradeCount":70,"tradeVolume":854171.7988875,"paymentCount":0,"paymentVolume":0},{"title":"2019/12/18","tradeCount":38,"tradeVolume":177449.2893623,"paymentCount":0,"paymentVolume":0},{"title":"2019/12/19","tradeCount":1,"tradeVolume":11.7585199,"paymentCount":0,"paymentVolume":0},{"title":"2019/12/20","tradeCount":1,"tradeVolume":5667.9727339,"paymentCount":0,"paymentVolume":0},{"title":"2019/12/22","tradeCount":40,"tradeVolume":459686.6783399,"paymentCount":0,"paymentVolume":0},{"title":"2019/12/23","tradeCount":47,"tradeVolume":574106.6369709,"paymentCount":0,"paymentVolume":0},{"title":"2019/12/24","tradeCount":25,"tradeVolume":323726.3497049,"paymentCount":0,"paymentVolume":0},{"title":"2019/12/25","tradeCount":6,"tradeVolume":52049.7337416,"paymentCount":0,"paymentVolume":0},{"title":"2019/12/26","tradeCount":19,"tradeVolume":211483.8222236,"paymentCount":0,"paymentVolume":0},{"title":"2019/12/27","tradeCount":28,"tradeVolume":191211.8637338,"paymentCount":0,"paymentVolume":0},{"title":"2019/12/28","tradeCount":4,"tradeVolume":37172.1186946,"paymentCount":0,"paymentVolume":0},{"title":"2019/12/29","tradeCount":1,"tradeVolume":16975.1489703,"paymentCount":0,"paymentVolume":0},{"title":"2019/12/30","tradeCount":89,"tradeVolume":150840.1691099,"paymentCount":0,"paymentVolume":0},{"title":"2019/12/31","tradeCount":12,"tradeVolume":138145.253481,"paymentCount":0,"paymentVolume":0},{"title":"2020/01/01","tradeCount":2,"tradeVolume":62.8531623,"paymentCount":0,"paymentVolume":0},{"title":"2020/01/02","tradeCount":1,"tradeVolume":9999.9950787,"paymentCount":0,"paymentVolume":0},{"title":"2020/01/03","tradeCount":94,"tradeVolume":267829.0679662,"paymentCount":0,"paymentVolume":0},{"title":"2020/01/04","tradeCount":7,"tradeVolume":37836.7432722,"paymentCount":0,"paymentVolume":0},{"title":"2020/01/05","tradeCount":37,"tradeVolume":77235.5824747,"paymentCount":0,"paymentVolume":0},{"title":"2020/01/06","tradeCount":79,"tradeVolume":422430.2545807,"paymentCount":0,"paymentVolume":0},{"title":"2020/01/07","tradeCount":20,"tradeVolume":141759.0764655,"paymentCount":0,"paymentVolume":0},{"title":"2020/01/08","tradeCount":60,"tradeVolume":211709.7414953,"paymentCount":0,"paymentVolume":0},{"title":"2020/01/09","tradeCount":4,"tradeVolume":22704.3574596,"paymentCount":0,"paymentVolume":0},{"title":"2020/01/10","tradeCount":36,"tradeVolume":275708.8478126,"paymentCount":0,"paymentVolume":0},{"title":"2020/01/11","tradeCount":27,"tradeVolume":191463.636704,"paymentCount":0,"paymentVolume":0},{"title":"2020/01/12","tradeCount":2,"tradeVolume":3510.3495373,"paymentCount":0,"paymentVolume":0},{"title":"2020/01/13","tradeCount":11,"tradeVolume":49698.8897193,"paymentCount":0,"paymentVolume":0},{"title":"2020/01/14","tradeCount":265,"tradeVolume":2988842.0408149,"paymentCount":0,"paymentVolume":0},{"title":"2020/01/15","tradeCount":189,"tradeVolume":2370828.1233893,"paymentCount":0,"paymentVolume":0},{"title":"2020/01/16","tradeCount":105,"tradeVolume":1191920.9273258,"paymentCount":0,"paymentVolume":0},{"title":"2020/01/17","tradeCount":70,"tradeVolume":430780.816417,"paymentCount":0,"paymentVolume":0},{"title":"2020/01/18","tradeCount":7,"tradeVolume":34592.3144042,"paymentCount":0,"paymentVolume":0},{"title":"2020/01/19","tradeCount":2,"tradeVolume":17403.0068878,"paymentCount":0,"paymentVolume":0},{"title":"2020/01/20","tradeCount":30,"tradeVolume":15095.8935263,"paymentCount":2,"paymentVolume":127.60918319999999},{"title":"2020/01/22","tradeCount":24,"tradeVolume":254576.1695607,"paymentCount":0,"paymentVolume":0},{"title":"2020/01/23","tradeCount":84,"tradeVolume":2253456.197678,"paymentCount":0,"paymentVolume":0},{"title":"2020/01/24","tradeCount":11,"tradeVolume":58303.1193746,"paymentCount":0,"paymentVolume":0},{"title":"2020/01/25","tradeCount":2,"tradeVolume":38683.5674743,"paymentCount":0,"paymentVolume":0},{"title":"2020/01/27","tradeCount":116,"tradeVolume":3927164.4819452,"paymentCount":0,"paymentVolume":0},{"title":"2020/01/28","tradeCount":8,"tradeVolume":2215246.8098854,"paymentCount":0,"paymentVolume":0},{"title":"2020/01/29","tradeCount":4,"tradeVolume":237727.2537875,"paymentCount":0,"paymentVolume":0},{"title":"2020/01/30","tradeCount":82,"tradeVolume":12319270.4486572,"paymentCount":0,"paymentVolume":0},{"title":"2020/01/31","tradeCount":28,"tradeVolume":120006.5808009,"paymentCount":0,"paymentVolume":0},{"title":"2020/02/01","tradeCount":21,"tradeVolume":1002569.2114605,"paymentCount":0,"paymentVolume":0},{"title":"2020/02/02","tradeCount":56,"tradeVolume":4047478.9906088,"paymentCount":0,"paymentVolume":0},{"title":"2020/02/03","tradeCount":51,"tradeVolume":3165135.3721686,"paymentCount":0,"paymentVolume":0},{"title":"2020/02/04","tradeCount":90,"tradeVolume":98944.3826957,"paymentCount":0,"paymentVolume":0},{"title":"2020/02/05","tradeCount":21,"tradeVolume":141291.5835972,"paymentCount":0,"paymentVolume":0},{"title":"2020/02/06","tradeCount":79,"tradeVolume":5066547.159509,"paymentCount":0,"paymentVolume":0},{"title":"2020/02/07","tradeCount":55,"tradeVolume":2358582.827197,"paymentCount":0,"paymentVolume":0},{"title":"2020/02/08","tradeCount":27,"tradeVolume":1944378.6977012,"paymentCount":0,"paymentVolume":0},{"title":"2020/02/09","tradeCount":4,"tradeVolume":321893.7066774,"paymentCount":0,"paymentVolume":0},{"title":"2020/02/10","tradeCount":38,"tradeVolume":1315695.5540217,"paymentCount":0,"paymentVolume":0},{"title":"2020/02/11","tradeCount":7,"tradeVolume":23407.2440741,"paymentCount":0,"paymentVolume":0},{"title":"2020/02/12","tradeCount":104,"tradeVolume":551190.9862942,"paymentCount":0,"paymentVolume":0},{"title":"2020/02/13","tradeCount":59,"tradeVolume":1557894.3017159,"paymentCount":0,"paymentVolume":0},{"title":"2020/02/14","tradeCount":75,"tradeVolume":495640.9860033,"paymentCount":0,"paymentVolume":0},{"title":"2020/02/15","tradeCount":70,"tradeVolume":1508125.7242568,"paymentCount":1,"paymentVolume":179.9999656},{"title":"2020/11/09","tradeCount":0,"tradeVolume":0,"paymentCount":1,"paymentVolume":0.00059},{"title":"2020/11/13","tradeCount":0,"tradeVolume":0,"paymentCount":1,"paymentVolume":0.48}]}