{"results":[{"title":"Ledger 27839022","sourceSum":14.1293844,"destinationSum":0.0333948}]}