{"results":[{"ledgerSequence":19351048,"sourceSum":4199.372268,"destinationSum":10},{"ledgerSequence":27839022,"sourceSum":14.1293844,"destinationSum":0.0333948},{"ledgerSequence":27837105,"sourceSum":113.4797988,"destinationSum":0.2686194},{"ledgerSequence":28229244,"sourceSum":179.9999656,"destinationSum":0.4584798},{"ledgerSequence":19351090,"sourceSum":4145.534162,"destinationSum":10},{"ledgerSequence":26446561,"sourceSum":39177.6188391,"destinationSum":100}]}